Archive member included to satisfy reference by file (symbol)

/usr/lib/gcc/arm-none-eabi/15.2.0/../../../../arm-none-eabi/lib/thumb/v6-m/nofp/libc_nano.a(libc_a-atexit.o)
                              /usr/lib/gcc/arm-none-eabi/15.2.0/../../../../arm-none-eabi/lib/thumb/v6-m/nofp/crt0.o (atexit)
/usr/lib/gcc/arm-none-eabi/15.2.0/../../../../arm-none-eabi/lib/thumb/v6-m/nofp/libc_nano.a(libc_a-exit.o)
                              /usr/lib/gcc/arm-none-eabi/15.2.0/../../../../arm-none-eabi/lib/thumb/v6-m/nofp/crt0.o (exit)
/usr/lib/gcc/arm-none-eabi/15.2.0/../../../../arm-none-eabi/lib/thumb/v6-m/nofp/libc_nano.a(libc_a-malloc.o)
                              CMakeFiles/hello_world.elf.dir/home/hernan/lpc_with_linux/SDK_25_06_00_LPC845BREAKOUT/devices/LPC845/drivers/fsl_common.c.obj (malloc)
/usr/lib/gcc/arm-none-eabi/15.2.0/../../../../arm-none-eabi/lib/thumb/v6-m/nofp/libc_nano.a(libc_a-mallocr.o)
                              /usr/lib/gcc/arm-none-eabi/15.2.0/../../../../arm-none-eabi/lib/thumb/v6-m/nofp/libc_nano.a(libc_a-malloc.o) (_malloc_r)
/usr/lib/gcc/arm-none-eabi/15.2.0/../../../../arm-none-eabi/lib/thumb/v6-m/nofp/libc_nano.a(libc_a-mlock.o)
                              /usr/lib/gcc/arm-none-eabi/15.2.0/../../../../arm-none-eabi/lib/thumb/v6-m/nofp/libc_nano.a(libc_a-mallocr.o) (__malloc_lock)
/usr/lib/gcc/arm-none-eabi/15.2.0/../../../../arm-none-eabi/lib/thumb/v6-m/nofp/libc_nano.a(libc_a-strtoul.o)
                              CMakeFiles/hello_world.elf.dir/home/hernan/lpc_with_linux/SDK_25_06_00_LPC845BREAKOUT/devices/LPC845/utilities/str/fsl_str.c.obj (strtoul)
/usr/lib/gcc/arm-none-eabi/15.2.0/../../../../arm-none-eabi/lib/thumb/v6-m/nofp/libc_nano.a(libc_a-ctype_.o)
                              /usr/lib/gcc/arm-none-eabi/15.2.0/../../../../arm-none-eabi/lib/thumb/v6-m/nofp/libc_nano.a(libc_a-strtoul.o) (_ctype_)
/usr/lib/gcc/arm-none-eabi/15.2.0/../../../../arm-none-eabi/lib/thumb/v6-m/nofp/libc_nano.a(libc_a-findfp.o)
                              /usr/lib/gcc/arm-none-eabi/15.2.0/../../../../arm-none-eabi/lib/thumb/v6-m/nofp/libc_nano.a(libc_a-exit.o) (__stdio_exit_handler)
/usr/lib/gcc/arm-none-eabi/15.2.0/../../../../arm-none-eabi/lib/thumb/v6-m/nofp/libc_nano.a(libc_a-fwalk.o)
                              /usr/lib/gcc/arm-none-eabi/15.2.0/../../../../arm-none-eabi/lib/thumb/v6-m/nofp/libc_nano.a(libc_a-findfp.o) (_fwalk_sglue)
/usr/lib/gcc/arm-none-eabi/15.2.0/../../../../arm-none-eabi/lib/thumb/v6-m/nofp/libc_nano.a(libc_a-stdio.o)
                              /usr/lib/gcc/arm-none-eabi/15.2.0/../../../../arm-none-eabi/lib/thumb/v6-m/nofp/libc_nano.a(libc_a-findfp.o) (__sread)
/usr/lib/gcc/arm-none-eabi/15.2.0/../../../../arm-none-eabi/lib/thumb/v6-m/nofp/libc_nano.a(libc_a-memset.o)
                              /usr/lib/gcc/arm-none-eabi/15.2.0/../../../../arm-none-eabi/lib/thumb/v6-m/nofp/crt0.o (memset)
/usr/lib/gcc/arm-none-eabi/15.2.0/../../../../arm-none-eabi/lib/thumb/v6-m/nofp/libc_nano.a(libc_a-closer.o)
                              /usr/lib/gcc/arm-none-eabi/15.2.0/../../../../arm-none-eabi/lib/thumb/v6-m/nofp/libc_nano.a(libc_a-stdio.o) (_close_r)
/usr/lib/gcc/arm-none-eabi/15.2.0/../../../../arm-none-eabi/lib/thumb/v6-m/nofp/libc_nano.a(libc_a-reent.o)
                              /usr/lib/gcc/arm-none-eabi/15.2.0/../../../../arm-none-eabi/lib/thumb/v6-m/nofp/libc_nano.a(libc_a-closer.o) (errno)
/usr/lib/gcc/arm-none-eabi/15.2.0/../../../../arm-none-eabi/lib/thumb/v6-m/nofp/libc_nano.a(libc_a-impure.o)
                              /usr/lib/gcc/arm-none-eabi/15.2.0/../../../../arm-none-eabi/lib/thumb/v6-m/nofp/libc_nano.a(libc_a-malloc.o) (_impure_ptr)
/usr/lib/gcc/arm-none-eabi/15.2.0/../../../../arm-none-eabi/lib/thumb/v6-m/nofp/libc_nano.a(libc_a-lseekr.o)
                              /usr/lib/gcc/arm-none-eabi/15.2.0/../../../../arm-none-eabi/lib/thumb/v6-m/nofp/libc_nano.a(libc_a-stdio.o) (_lseek_r)
/usr/lib/gcc/arm-none-eabi/15.2.0/../../../../arm-none-eabi/lib/thumb/v6-m/nofp/libc_nano.a(libc_a-readr.o)
                              /usr/lib/gcc/arm-none-eabi/15.2.0/../../../../arm-none-eabi/lib/thumb/v6-m/nofp/libc_nano.a(libc_a-stdio.o) (_read_r)
/usr/lib/gcc/arm-none-eabi/15.2.0/../../../../arm-none-eabi/lib/thumb/v6-m/nofp/libc_nano.a(libc_a-sbrkr.o)
                              /usr/lib/gcc/arm-none-eabi/15.2.0/../../../../arm-none-eabi/lib/thumb/v6-m/nofp/libc_nano.a(libc_a-mallocr.o) (_sbrk_r)
/usr/lib/gcc/arm-none-eabi/15.2.0/../../../../arm-none-eabi/lib/thumb/v6-m/nofp/libc_nano.a(libc_a-writer.o)
                              /usr/lib/gcc/arm-none-eabi/15.2.0/../../../../arm-none-eabi/lib/thumb/v6-m/nofp/libc_nano.a(libc_a-stdio.o) (_write_r)
/usr/lib/gcc/arm-none-eabi/15.2.0/../../../../arm-none-eabi/lib/thumb/v6-m/nofp/libc_nano.a(libc_a-errno.o)
                              CMakeFiles/hello_world.elf.dir/home/hernan/lpc_with_linux/SDK_25_06_00_LPC845BREAKOUT/devices/LPC845/utilities/fsl_syscall_stub.c.obj (__errno)
[...]
Memory Configuration

Name             Origin             Length             Attributes
m_interrupts     0x00000000         0x00000200         xr
m_crp            0x000002fc         0x00000004         xr
m_text           0x00000300         0x0000fd00         xr
m_data           0x10000000         0x00003fe0         rw
*default*        0x00000000         0xffffffff

Linker script and memory map

LOAD /usr/lib/gcc/arm-none-eabi/15.2.0/thumb/v6-m/nofp/crti.o
LOAD /usr/lib/gcc/arm-none-eabi/15.2.0/thumb/v6-m/nofp/crtbegin.o
LOAD /usr/lib/gcc/arm-none-eabi/15.2.0/../../../../arm-none-eabi/lib/thumb/v6-m/nofp/crt0.o
LOAD CMakeFiles/hello_world.elf.dir/home/hernan/lpc_with_linux/SDK_25_06_00_LPC845BREAKOUT/boards/lpc845breakout/demo_apps/hello_world/hello_world.c.obj
LOAD CMakeFiles/hello_world.elf.dir/home/hernan/lpc_with_linux/SDK_25_06_00_LPC845BREAKOUT/boards/lpc845breakout/demo_apps/hello_world/board.c.obj
LOAD CMakeFiles/hello_world.elf.dir/home/hernan/lpc_with_linux/SDK_25_06_00_LPC845BREAKOUT/boards/lpc845breakout/demo_apps/hello_world/clock_config.c.obj
LOAD CMakeFiles/hello_world.elf.dir/home/hernan/lpc_with_linux/SDK_25_06_00_LPC845BREAKOUT/boards/lpc845breakout/demo_apps/hello_world/pin_mux.c.obj
LOAD CMakeFiles/hello_world.elf.dir/home/hernan/lpc_with_linux/SDK_25_06_00_LPC845BREAKOUT/boards/lpc845breakout/demo_apps/hello_world/hardware_init.c.obj
LOAD CMakeFiles/hello_world.elf.dir/home/hernan/lpc_with_linux/SDK_25_06_00_LPC845BREAKOUT/components/uart/fsl_adapter_miniusart.c.obj
LOAD CMakeFiles/hello_world.elf.dir/home/hernan/lpc_with_linux/SDK_25_06_00_LPC845BREAKOUT/devices/LPC845/gcc/startup_LPC845.S.obj
LOAD CMakeFiles/hello_world.elf.dir/home/hernan/lpc_with_linux/SDK_25_06_00_LPC845BREAKOUT/devices/LPC845/system_LPC845.c.obj
LOAD CMakeFiles/hello_world.elf.dir/home/hernan/lpc_with_linux/SDK_25_06_00_LPC845BREAKOUT/devices/LPC845/drivers/fsl_clock.c.obj
LOAD CMakeFiles/hello_world.elf.dir/home/hernan/lpc_with_linux/SDK_25_06_00_LPC845BREAKOUT/devices/LPC845/drivers/fsl_common.c.obj
LOAD CMakeFiles/hello_world.elf.dir/home/hernan/lpc_with_linux/SDK_25_06_00_LPC845BREAKOUT/devices/LPC845/drivers/fsl_common_arm.c.obj
LOAD CMakeFiles/hello_world.elf.dir/home/hernan/lpc_with_linux/SDK_25_06_00_LPC845BREAKOUT/devices/LPC845/drivers/fsl_inputmux.c.obj
LOAD CMakeFiles/hello_world.elf.dir/home/hernan/lpc_with_linux/SDK_25_06_00_LPC845BREAKOUT/devices/LPC845/drivers/fsl_gpio.c.obj
LOAD CMakeFiles/hello_world.elf.dir/home/hernan/lpc_with_linux/SDK_25_06_00_LPC845BREAKOUT/devices/LPC845/drivers/fsl_usart.c.obj
LOAD CMakeFiles/hello_world.elf.dir/home/hernan/lpc_with_linux/SDK_25_06_00_LPC845BREAKOUT/devices/LPC845/drivers/fsl_power.c.obj
LOAD CMakeFiles/hello_world.elf.dir/home/hernan/lpc_with_linux/SDK_25_06_00_LPC845BREAKOUT/devices/LPC845/drivers/fsl_reset.c.obj
LOAD CMakeFiles/hello_world.elf.dir/home/hernan/lpc_with_linux/SDK_25_06_00_LPC845BREAKOUT/devices/LPC845/drivers/fsl_swm.c.obj
LOAD CMakeFiles/hello_world.elf.dir/home/hernan/lpc_with_linux/SDK_25_06_00_LPC845BREAKOUT/devices/LPC845/drivers/fsl_syscon.c.obj
LOAD CMakeFiles/hello_world.elf.dir/home/hernan/lpc_with_linux/SDK_25_06_00_LPC845BREAKOUT/devices/LPC845/utilities/fsl_syscall_stub.c.obj
LOAD CMakeFiles/hello_world.elf.dir/home/hernan/lpc_with_linux/SDK_25_06_00_LPC845BREAKOUT/devices/LPC845/utilities/fsl_sbrk.c.obj
LOAD CMakeFiles/hello_world.elf.dir/home/hernan/lpc_with_linux/SDK_25_06_00_LPC845BREAKOUT/devices/LPC845/utilities/debug_console_lite/fsl_assert.c.obj
LOAD CMakeFiles/hello_world.elf.dir/home/hernan/lpc_with_linux/SDK_25_06_00_LPC845BREAKOUT/devices/LPC845/utilities/debug_console_lite/fsl_debug_console.c.obj
LOAD CMakeFiles/hello_world.elf.dir/home/hernan/lpc_with_linux/SDK_25_06_00_LPC845BREAKOUT/devices/LPC845/utilities/str/fsl_str.c.obj
START GROUP
LOAD /usr/lib/gcc/arm-none-eabi/15.2.0/../../../../arm-none-eabi/lib/thumb/v6-m/nofp/libm.a
LOAD /usr/lib/gcc/arm-none-eabi/15.2.0/../../../../arm-none-eabi/lib/thumb/v6-m/nofp/libc_nano.a
LOAD /usr/lib/gcc/arm-none-eabi/15.2.0/thumb/v6-m/nofp/libgcc.a
LOAD /usr/lib/gcc/arm-none-eabi/15.2.0/../../../../arm-none-eabi/lib/thumb/v6-m/nofp/libnosys.a
END GROUP
START GROUP
LOAD /usr/lib/gcc/arm-none-eabi/15.2.0/thumb/v6-m/nofp/libgcc.a
LOAD /usr/lib/gcc/arm-none-eabi/15.2.0/../../../../arm-none-eabi/lib/thumb/v6-m/nofp/libc_nano.a
END GROUP
START GROUP
LOAD /usr/lib/gcc/arm-none-eabi/15.2.0/thumb/v6-m/nofp/libgcc.a
LOAD /usr/lib/gcc/arm-none-eabi/15.2.0/../../../../arm-none-eabi/lib/thumb/v6-m/nofp/libc_nano.a
LOAD /usr/lib/gcc/arm-none-eabi/15.2.0/../../../../arm-none-eabi/lib/thumb/v6-m/nofp/libnosys.a
END GROUP
START GROUP
LOAD /usr/lib/gcc/arm-none-eabi/15.2.0/thumb/v6-m/nofp/libgcc.a
LOAD /usr/lib/gcc/arm-none-eabi/15.2.0/../../../../arm-none-eabi/lib/thumb/v6-m/nofp/libc_nano.a
LOAD /usr/lib/gcc/arm-none-eabi/15.2.0/../../../../arm-none-eabi/lib/thumb/v6-m/nofp/libnosys.a
END GROUP
LOAD /usr/lib/gcc/arm-none-eabi/15.2.0/thumb/v6-m/nofp/crtend.o
LOAD /usr/lib/gcc/arm-none-eabi/15.2.0/thumb/v6-m/nofp/crtn.o
                0x00000400                        HEAP_SIZE = DEFINED (__heap_size__)?__heap_size__:0x400
                0x00000800                        STACK_SIZE = DEFINED (__stack_size__)?__stack_size__:0x800
                0xefffb355                        __valid_user_code_checksum = (0x0 - ((((__StackTop + Reset_Handler) + NMI_Handler) + HardFault_Handler) + 0x3))

.interrupts     0x00000000       0xc0
                0x00000000                        . = ALIGN (0x4)
 *(.isr_vector)
 .isr_vector    0x00000000       0xc0 CMakeFiles/hello_world.elf.dir/home/hernan/lpc_with_linux/SDK_25_06_00_LPC845BREAKOUT/devices/LPC845/gcc/startup_LPC845.S.obj
                0x00000000                __Vectors
                0x000000c0                        . = ALIGN (0x4)

.crp            0x000002fc        0x4
                0x000002fc                        . = ALIGN (0x4)
 *(.crp)
 .crp           0x000002fc        0x4 CMakeFiles/hello_world.elf.dir/home/hernan/lpc_with_linux/SDK_25_06_00_LPC845BREAKOUT/devices/LPC845/gcc/startup_LPC845.S.obj
                0x00000300                        . = ALIGN (0x4)

.text           0x00000300     0x12fc
                0x00000300                        . = ALIGN (0x4)
 *(.text)
 .text          0x00000300       0x98 /usr/lib/gcc/arm-none-eabi/15.2.0/thumb/v6-m/nofp/crtbegin.o
 .text          0x00000398       0x74 /usr/lib/gcc/arm-none-eabi/15.2.0/../../../../arm-none-eabi/lib/thumb/v6-m/nofp/crt0.o
                0x00000398                _stack_init
                0x000003a4                _mainCRTStartup
                0x000003a4                _start
 .text          0x0000040c      0x17c CMakeFiles/hello_world.elf.dir/home/hernan/lpc_with_linux/SDK_25_06_00_LPC845BREAKOUT/devices/LPC845/gcc/startup_LPC845.S.obj
                0x0000040c                Reset_Handler
                0x00000458                ADC0_OVR_DriverIRQHandler
                0x00000458                DMA0_DriverIRQHandler
                0x00000458                SPI1_DriverIRQHandler
                0x00000458                I2C3_DriverIRQHandler
                0x00000458                PIN_INT3_DriverIRQHandler
                0x00000458                PIN_INT5_DAC1_DriverIRQHandler
                0x00000458                PIN_INT2_DriverIRQHandler
                0x00000458                I2C2_DriverIRQHandler
                0x00000458                PIN_INT0_DriverIRQHandler
                0x00000458                DefaultISR
                0x00000458                WKT_DriverIRQHandler
                0x00000458                DAC0_DriverIRQHandler
                0x00000458                MRT0_DriverIRQHandler
                0x00000458                PIN_INT4_DriverIRQHandler
                0x00000458                CMP_CAPT_DriverIRQHandler
                0x00000458                ADC0_THCMP_DriverIRQHandler
                0x00000458                Reserved22_DriverIRQHandler
                0x00000458                FLASH_DriverIRQHandler
                0x00000458                ADC0_SEQB_DriverIRQHandler
                0x00000458                CTIMER0_DriverIRQHandler
                0x00000458                WDT_DriverIRQHandler
                0x00000458                PIN_INT1_DriverIRQHandler
                0x00000458                BOD_DriverIRQHandler
                0x00000458                I2C1_DriverIRQHandler
                0x00000458                ADC0_SEQA_DriverIRQHandler
                0x00000458                SPI0_DriverIRQHandler
                0x00000458                I2C0_DriverIRQHandler
                0x00000458                SCT0_DriverIRQHandler
                0x0000045c                NMI_Handler
                0x00000460                HardFault_Handler
                0x00000464                SVC_Handler
                0x00000468                PendSV_Handler
                0x0000046c                SysTick_Handler
                0x00000470                SPI0_IRQHandler
                0x00000474                SPI1_IRQHandler
                0x00000478                DAC0_IRQHandler
                0x0000047c                USART0_IRQHandler
                0x00000480                USART1_IRQHandler
                0x00000484                USART2_IRQHandler
                0x00000488                Reserved22_IRQHandler
                0x0000048c                I2C1_IRQHandler
                0x00000490                I2C0_IRQHandler
                0x00000494                SCT0_IRQHandler
                0x00000498                MRT0_IRQHandler
                0x0000049c                CMP_CAPT_IRQHandler
                0x000004a0                WDT_IRQHandler
                0x000004a4                BOD_IRQHandler
                0x000004a8                FLASH_IRQHandler
                0x000004ac                WKT_IRQHandler
                0x000004b0                ADC0_SEQA_IRQHandler
                0x000004b4                ADC0_SEQB_IRQHandler
                0x000004b8                ADC0_THCMP_IRQHandler
                0x000004bc                ADC0_OVR_IRQHandler
                0x000004c0                DMA0_IRQHandler
                0x000004c4                I2C2_IRQHandler
                0x000004c8                I2C3_IRQHandler
                0x000004cc                CTIMER0_IRQHandler
                0x000004d0                PIN_INT0_IRQHandler
                0x000004d4                PIN_INT1_IRQHandler
                0x000004d8                PIN_INT2_IRQHandler
                0x000004dc                PIN_INT3_IRQHandler
                0x000004e0                PIN_INT4_IRQHandler
                0x000004e4                PIN_INT5_DAC1_IRQHandler
                0x000004e8                PIN_INT6_USART3_IRQHandler
                0x000004ec                PIN_INT7_USART4_IRQHandler
 .text          0x00000588        0xe /usr/lib/gcc/arm-none-eabi/15.2.0/../../../../arm-none-eabi/lib/thumb/v6-m/nofp/libc_nano.a(libc_a-strlen.o)
                0x00000588                strlen
 *fill*         0x00000596        0x2 
 .text          0x00000598       0x14 /usr/lib/gcc/arm-none-eabi/15.2.0/thumb/v6-m/nofp/libgcc.a(_thumb1_case_uqi.o)
                0x00000598                __gnu_thumb1_case_uqi
 .text          0x000005ac      0x114 /usr/lib/gcc/arm-none-eabi/15.2.0/thumb/v6-m/nofp/libgcc.a(_udivsi3.o)
                0x000005ac                __udivsi3
                0x000005ac                __aeabi_uidiv
                0x000006b8                __aeabi_uidivmod
 .text          0x000006c0        0x4 /usr/lib/gcc/arm-none-eabi/15.2.0/thumb/v6-m/nofp/libgcc.a(_dvmd_tls.o)
                0x000006c0                __aeabi_ldiv0
                0x000006c0                __aeabi_idiv0
 *(.text*)
 .text.startup.main
                0x000006c4       0x20 CMakeFiles/hello_world.elf.dir/home/hernan/lpc_with_linux/SDK_25_06_00_LPC845BREAKOUT/boards/lpc845breakout/demo_apps/hello_world/hello_world.c.obj
                0x000006c4                main
 .text.BOARD_InitDebugConsole
                0x000006e4       0x28 CMakeFiles/hello_world.elf.dir/home/hernan/lpc_with_linux/SDK_25_06_00_LPC845BREAKOUT/boards/lpc845breakout/demo_apps/hello_world/board.c.obj
                0x000006e4                BOARD_InitDebugConsole
 .text.CLOCK_SetFroOscFreq
                0x0000070c        0xc CMakeFiles/hello_world.elf.dir/home/hernan/lpc_with_linux/SDK_25_06_00_LPC845BREAKOUT/boards/lpc845breakout/demo_apps/hello_world/clock_config.c.obj
 .text.POWER_DisablePD
                0x00000718       0x14 CMakeFiles/hello_world.elf.dir/home/hernan/lpc_with_linux/SDK_25_06_00_LPC845BREAKOUT/boards/lpc845breakout/demo_apps/hello_world/clock_config.c.obj
 .text.CLOCK_SetCoreSysClkDiv.constprop.0
                0x0000072c       0x14 CMakeFiles/hello_world.elf.dir/home/hernan/lpc_with_linux/SDK_25_06_00_LPC845BREAKOUT/boards/lpc845breakout/demo_apps/hello_world/clock_config.c.obj
 .text.BOARD_BootClockFRO30M
                0x00000740       0x48 CMakeFiles/hello_world.elf.dir/home/hernan/lpc_with_linux/SDK_25_06_00_LPC845BREAKOUT/boards/lpc845breakout/demo_apps/hello_world/clock_config.c.obj
                0x00000740                BOARD_BootClockFRO30M
 .text.BOARD_InitPins
                0x00000788       0x48 CMakeFiles/hello_world.elf.dir/home/hernan/lpc_with_linux/SDK_25_06_00_LPC845BREAKOUT/boards/lpc845breakout/demo_apps/hello_world/pin_mux.c.obj
                0x00000788                BOARD_InitPins
 .text.BOARD_InitBootPins
                0x000007d0        0x8 CMakeFiles/hello_world.elf.dir/home/hernan/lpc_with_linux/SDK_25_06_00_LPC845BREAKOUT/boards/lpc845breakout/demo_apps/hello_world/pin_mux.c.obj
                0x000007d0                BOARD_InitBootPins
 .text.BOARD_InitHardware
                0x000007d8       0x38 CMakeFiles/hello_world.elf.dir/home/hernan/lpc_with_linux/SDK_25_06_00_LPC845BREAKOUT/boards/lpc845breakout/demo_apps/hello_world/hardware_init.c.obj
                0x000007d8                BOARD_InitHardware
 .text.HAL_UartInit
                0x00000810       0x64 CMakeFiles/hello_world.elf.dir/home/hernan/lpc_with_linux/SDK_25_06_00_LPC845BREAKOUT/components/uart/fsl_adapter_miniusart.c.obj
                0x00000810                HAL_UartInit
 .text.HAL_UartReceiveBlocking
                0x00000874       0x24 CMakeFiles/hello_world.elf.dir/home/hernan/lpc_with_linux/SDK_25_06_00_LPC845BREAKOUT/components/uart/fsl_adapter_miniusart.c.obj
                0x00000874                HAL_UartReceiveBlocking
 .text.HAL_UartSendBlocking
                0x00000898       0x18 CMakeFiles/hello_world.elf.dir/home/hernan/lpc_with_linux/SDK_25_06_00_LPC845BREAKOUT/components/uart/fsl_adapter_miniusart.c.obj
                0x00000898                HAL_UartSendBlocking
 .text.SystemInitHook
                0x000008b0        0x2 CMakeFiles/hello_world.elf.dir/home/hernan/lpc_with_linux/SDK_25_06_00_LPC845BREAKOUT/devices/LPC845/system_LPC845.c.obj
                0x000008b0                SystemInitHook
 *fill*         0x000008b2        0x2 
 .text.SystemInit
                0x000008b4       0x24 CMakeFiles/hello_world.elf.dir/home/hernan/lpc_with_linux/SDK_25_06_00_LPC845BREAKOUT/devices/LPC845/system_LPC845.c.obj
                0x000008b4                SystemInit
 .text.CLOCK_UpdateClkSrc
                0x000008d8       0x14 CMakeFiles/hello_world.elf.dir/home/hernan/lpc_with_linux/SDK_25_06_00_LPC845BREAKOUT/devices/LPC845/drivers/fsl_clock.c.obj
 .text.CLOCK_GetFroFreq
                0x000008ec       0x50 CMakeFiles/hello_world.elf.dir/home/hernan/lpc_with_linux/SDK_25_06_00_LPC845BREAKOUT/devices/LPC845/drivers/fsl_clock.c.obj
                0x000008ec                CLOCK_GetFroFreq
 .text.CLOCK_GetSystemPLLInClockRate
                0x0000093c       0x3c CMakeFiles/hello_world.elf.dir/home/hernan/lpc_with_linux/SDK_25_06_00_LPC845BREAKOUT/devices/LPC845/drivers/fsl_clock.c.obj
                0x0000093c                CLOCK_GetSystemPLLInClockRate
 .text.CLOCK_GetSystemPLLFreq
                0x00000978       0x18 CMakeFiles/hello_world.elf.dir/home/hernan/lpc_with_linux/SDK_25_06_00_LPC845BREAKOUT/devices/LPC845/drivers/fsl_clock.c.obj
 .text.CLOCK_GetMainClkFreq
                0x00000990       0x4c CMakeFiles/hello_world.elf.dir/home/hernan/lpc_with_linux/SDK_25_06_00_LPC845BREAKOUT/devices/LPC845/drivers/fsl_clock.c.obj
                0x00000990                CLOCK_GetMainClkFreq
 .text.CLOCK_SetMainClkSrc
                0x000009dc       0x54 CMakeFiles/hello_world.elf.dir/home/hernan/lpc_with_linux/SDK_25_06_00_LPC845BREAKOUT/devices/LPC845/drivers/fsl_clock.c.obj
                0x000009dc                CLOCK_SetMainClkSrc
 .text.CLOCK_SetFroOutClkSrc
                0x00000a30       0x30 CMakeFiles/hello_world.elf.dir/home/hernan/lpc_with_linux/SDK_25_06_00_LPC845BREAKOUT/devices/LPC845/drivers/fsl_clock.c.obj
                0x00000a30                CLOCK_SetFroOutClkSrc
 .text.GPIO_PortInit
                0x00000a60       0x34 CMakeFiles/hello_world.elf.dir/home/hernan/lpc_with_linux/SDK_25_06_00_LPC845BREAKOUT/devices/LPC845/drivers/fsl_gpio.c.obj
                0x00000a60                GPIO_PortInit
 .text.GPIO_PinInit
                0x00000a94       0x60 CMakeFiles/hello_world.elf.dir/home/hernan/lpc_with_linux/SDK_25_06_00_LPC845BREAKOUT/devices/LPC845/drivers/fsl_gpio.c.obj
                0x00000a94                GPIO_PinInit
 .text.USART_GetInstance
                0x00000af4       0x44 CMakeFiles/hello_world.elf.dir/home/hernan/lpc_with_linux/SDK_25_06_00_LPC845BREAKOUT/devices/LPC845/drivers/fsl_usart.c.obj
                0x00000af4                USART_GetInstance
 .text.USART_GetDefaultConfig
                0x00000b38       0x20 CMakeFiles/hello_world.elf.dir/home/hernan/lpc_with_linux/SDK_25_06_00_LPC845BREAKOUT/devices/LPC845/drivers/fsl_usart.c.obj
                0x00000b38                USART_GetDefaultConfig
 .text.USART_SetBaudRate
                0x00000b58       0x94 CMakeFiles/hello_world.elf.dir/home/hernan/lpc_with_linux/SDK_25_06_00_LPC845BREAKOUT/devices/LPC845/drivers/fsl_usart.c.obj
                0x00000b58                USART_SetBaudRate
 .text.USART_Init
                0x00000bec      0x108 CMakeFiles/hello_world.elf.dir/home/hernan/lpc_with_linux/SDK_25_06_00_LPC845BREAKOUT/devices/LPC845/drivers/fsl_usart.c.obj
                0x00000bec                USART_Init
 .text.USART_WriteBlocking
                0x00000cf4       0x24 CMakeFiles/hello_world.elf.dir/home/hernan/lpc_with_linux/SDK_25_06_00_LPC845BREAKOUT/devices/LPC845/drivers/fsl_usart.c.obj
                0x00000cf4                USART_WriteBlocking
 .text.USART_ReadBlocking
                0x00000d18       0x74 CMakeFiles/hello_world.elf.dir/home/hernan/lpc_with_linux/SDK_25_06_00_LPC845BREAKOUT/devices/LPC845/drivers/fsl_usart.c.obj
                0x00000d18                USART_ReadBlocking
 .text.USART0_DriverIRQHandler
                0x00000d8c       0x1c CMakeFiles/hello_world.elf.dir/home/hernan/lpc_with_linux/SDK_25_06_00_LPC845BREAKOUT/devices/LPC845/drivers/fsl_usart.c.obj
                0x00000d8c                USART0_DriverIRQHandler
 .text.USART1_DriverIRQHandler
                0x00000da8       0x1c CMakeFiles/hello_world.elf.dir/home/hernan/lpc_with_linux/SDK_25_06_00_LPC845BREAKOUT/devices/LPC845/drivers/fsl_usart.c.obj
                0x00000da8                USART1_DriverIRQHandler
 .text.USART2_DriverIRQHandler
                0x00000dc4       0x1c CMakeFiles/hello_world.elf.dir/home/hernan/lpc_with_linux/SDK_25_06_00_LPC845BREAKOUT/devices/LPC845/drivers/fsl_usart.c.obj
                0x00000dc4                USART2_DriverIRQHandler
 .text.PIN_INT6_USART3_DriverIRQHandler
                0x00000de0       0x1c CMakeFiles/hello_world.elf.dir/home/hernan/lpc_with_linux/SDK_25_06_00_LPC845BREAKOUT/devices/LPC845/drivers/fsl_usart.c.obj
                0x00000de0                PIN_INT6_USART3_DriverIRQHandler
 .text.PIN_INT7_USART4_DriverIRQHandler
                0x00000dfc       0x1c CMakeFiles/hello_world.elf.dir/home/hernan/lpc_with_linux/SDK_25_06_00_LPC845BREAKOUT/devices/LPC845/drivers/fsl_usart.c.obj
                0x00000dfc                PIN_INT7_USART4_DriverIRQHandler
 .text.RESET_SetPeripheralReset
                0x00000e18       0x28 CMakeFiles/hello_world.elf.dir/home/hernan/lpc_with_linux/SDK_25_06_00_LPC845BREAKOUT/devices/LPC845/drivers/fsl_reset.c.obj
                0x00000e18                RESET_SetPeripheralReset
 .text.RESET_ClearPeripheralReset
                0x00000e40       0x28 CMakeFiles/hello_world.elf.dir/home/hernan/lpc_with_linux/SDK_25_06_00_LPC845BREAKOUT/devices/LPC845/drivers/fsl_reset.c.obj
                0x00000e40                RESET_ClearPeripheralReset
 .text.RESET_PeripheralReset
                0x00000e68       0x10 CMakeFiles/hello_world.elf.dir/home/hernan/lpc_with_linux/SDK_25_06_00_LPC845BREAKOUT/devices/LPC845/drivers/fsl_reset.c.obj
                0x00000e68                RESET_PeripheralReset
 .text.SWM_SetMovablePinSelect
                0x00000e78       0x1e CMakeFiles/hello_world.elf.dir/home/hernan/lpc_with_linux/SDK_25_06_00_LPC845BREAKOUT/devices/LPC845/drivers/fsl_swm.c.obj
                0x00000e78                SWM_SetMovablePinSelect
 *fill*         0x00000e96        0x2 
 .text._sbrk    0x00000e98       0x38 CMakeFiles/hello_world.elf.dir/home/hernan/lpc_with_linux/SDK_25_06_00_LPC845BREAKOUT/devices/LPC845/utilities/fsl_sbrk.c.obj
                0x00000e98                _sbrk
 .text.DbgConsole_ConvertRadixNumToString.isra.0
                0x00000ed0       0x4c CMakeFiles/hello_world.elf.dir/home/hernan/lpc_with_linux/SDK_25_06_00_LPC845BREAKOUT/devices/LPC845/utilities/debug_console_lite/fsl_debug_console.c.obj
 .text.DbgConsole_Init
                0x00000f1c       0x48 CMakeFiles/hello_world.elf.dir/home/hernan/lpc_with_linux/SDK_25_06_00_LPC845BREAKOUT/devices/LPC845/utilities/debug_console_lite/fsl_debug_console.c.obj
                0x00000f1c                DbgConsole_Init
 .text.DbgConsole_Putchar
                0x00000f64       0x24 CMakeFiles/hello_world.elf.dir/home/hernan/lpc_with_linux/SDK_25_06_00_LPC845BREAKOUT/devices/LPC845/utilities/debug_console_lite/fsl_debug_console.c.obj
                0x00000f64                DbgConsole_Putchar
 .text.DbgConsole_Vprintf
                0x00000f88      0x1dc CMakeFiles/hello_world.elf.dir/home/hernan/lpc_with_linux/SDK_25_06_00_LPC845BREAKOUT/devices/LPC845/utilities/debug_console_lite/fsl_debug_console.c.obj
                0x00000f88                DbgConsole_Vprintf
 .text.DbgConsole_Printf
                0x00001164       0x16 CMakeFiles/hello_world.elf.dir/home/hernan/lpc_with_linux/SDK_25_06_00_LPC845BREAKOUT/devices/LPC845/utilities/debug_console_lite/fsl_debug_console.c.obj
                0x00001164                DbgConsole_Printf
 *fill*         0x0000117a        0x2 
 .text.DbgConsole_Getchar
                0x0000117c       0x28 CMakeFiles/hello_world.elf.dir/home/hernan/lpc_with_linux/SDK_25_06_00_LPC845BREAKOUT/devices/LPC845/utilities/debug_console_lite/fsl_debug_console.c.obj
                0x0000117c                DbgConsole_Getchar
 .text.atexit   0x000011a4       0x10 /usr/lib/gcc/arm-none-eabi/15.2.0/../../../../arm-none-eabi/lib/thumb/v6-m/nofp/libc_nano.a(libc_a-atexit.o)
                0x000011a4                atexit
 .text.exit     0x000011b4       0x28 /usr/lib/gcc/arm-none-eabi/15.2.0/../../../../arm-none-eabi/lib/thumb/v6-m/nofp/libc_nano.a(libc_a-exit.o)
                0x000011b4                exit
 .text.malloc   0x000011dc       0x14 /usr/lib/gcc/arm-none-eabi/15.2.0/../../../../arm-none-eabi/lib/thumb/v6-m/nofp/libc_nano.a(libc_a-malloc.o)
                0x000011dc                malloc
 .text.sbrk_aligned
                0x000011f0       0x44 /usr/lib/gcc/arm-none-eabi/15.2.0/../../../../arm-none-eabi/lib/thumb/v6-m/nofp/libc_nano.a(libc_a-mallocr.o)
 .text._malloc_r
                0x00001234      0x100 /usr/lib/gcc/arm-none-eabi/15.2.0/../../../../arm-none-eabi/lib/thumb/v6-m/nofp/libc_nano.a(libc_a-mallocr.o)
                0x00001234                _malloc_r
 .text.__malloc_lock
                0x00001334       0x10 /usr/lib/gcc/arm-none-eabi/15.2.0/../../../../arm-none-eabi/lib/thumb/v6-m/nofp/libc_nano.a(libc_a-mlock.o)
                0x00001334                __malloc_lock
 .text.__malloc_unlock
                0x00001344       0x10 /usr/lib/gcc/arm-none-eabi/15.2.0/../../../../arm-none-eabi/lib/thumb/v6-m/nofp/libc_nano.a(libc_a-mlock.o)
                0x00001344                __malloc_unlock
 .text.memset   0x00001354       0x10 /usr/lib/gcc/arm-none-eabi/15.2.0/../../../../arm-none-eabi/lib/thumb/v6-m/nofp/libc_nano.a(libc_a-memset.o)
                0x00001354                memset
 .text._sbrk_r  0x00001364       0x24 /usr/lib/gcc/arm-none-eabi/15.2.0/../../../../arm-none-eabi/lib/thumb/v6-m/nofp/libc_nano.a(libc_a-sbrkr.o)
                0x00001364                _sbrk_r
 .text.__errno  0x00001388        0xc /usr/lib/gcc/arm-none-eabi/15.2.0/../../../../arm-none-eabi/lib/thumb/v6-m/nofp/libc_nano.a(libc_a-errno.o)
                0x00001388                __errno
 .text.__libc_init_array
                0x00001394       0x48 /usr/lib/gcc/arm-none-eabi/15.2.0/../../../../arm-none-eabi/lib/thumb/v6-m/nofp/libc_nano.a(libc_a-init.o)
                0x00001394                __libc_init_array
 .text.__libc_fini_array
                0x000013dc       0x28 /usr/lib/gcc/arm-none-eabi/15.2.0/../../../../arm-none-eabi/lib/thumb/v6-m/nofp/libc_nano.a(libc_a-fini.o)
                0x000013dc                __libc_fini_array
 .text.__retarget_lock_acquire_recursive
                0x00001404        0x2 /usr/lib/gcc/arm-none-eabi/15.2.0/../../../../arm-none-eabi/lib/thumb/v6-m/nofp/libc_nano.a(libc_a-lock.o)
                0x00001404                __retarget_lock_acquire_recursive
 .text.__retarget_lock_release_recursive
                0x00001406        0x2 /usr/lib/gcc/arm-none-eabi/15.2.0/../../../../arm-none-eabi/lib/thumb/v6-m/nofp/libc_nano.a(libc_a-lock.o)
                0x00001406                __retarget_lock_release_recursive
 .text.memcpy   0x00001408       0x12 /usr/lib/gcc/arm-none-eabi/15.2.0/../../../../arm-none-eabi/lib/thumb/v6-m/nofp/libc_nano.a(libc_a-memcpy-stub.o)
                0x00001408                memcpy
 *fill*         0x0000141a        0x2 
 .text.__register_exitproc
                0x0000141c       0xc0 /usr/lib/gcc/arm-none-eabi/15.2.0/../../../../arm-none-eabi/lib/thumb/v6-m/nofp/libc_nano.a(libc_a-__atexit.o)
                0x0000141c                __register_exitproc
 .text.__call_exitprocs
                0x000014dc       0xb4 /usr/lib/gcc/arm-none-eabi/15.2.0/../../../../arm-none-eabi/lib/thumb/v6-m/nofp/libc_nano.a(libc_a-__call_atexit.o)
                0x000014dc                __call_exitprocs
 .text._exit    0x00001590        0x4 /usr/lib/gcc/arm-none-eabi/15.2.0/../../../../arm-none-eabi/lib/thumb/v6-m/nofp/libnosys.a(_exit.o)
                0x00001590                _exit
 *(.rodata)
 *(.rodata*)
 .rodata.main.str1.1
                0x00001594        0xf CMakeFiles/hello_world.elf.dir/home/hernan/lpc_with_linux/SDK_25_06_00_LPC845BREAKOUT/boards/lpc845breakout/demo_apps/hello_world/hello_world.c.obj
 *fill*         0x000015a3        0x1 
 .rodata.s_UsartAdapterBase
                0x000015a4       0x14 CMakeFiles/hello_world.elf.dir/home/hernan/lpc_with_linux/SDK_25_06_00_LPC845BREAKOUT/components/uart/fsl_adapter_miniusart.c.obj
 .rodata.s_gpioResets
                0x000015b8        0x8 CMakeFiles/hello_world.elf.dir/home/hernan/lpc_with_linux/SDK_25_06_00_LPC845BREAKOUT/devices/LPC845/drivers/fsl_gpio.c.obj
 .rodata.s_gpioClockName
                0x000015c0        0x4 CMakeFiles/hello_world.elf.dir/home/hernan/lpc_with_linux/SDK_25_06_00_LPC845BREAKOUT/devices/LPC845/drivers/fsl_gpio.c.obj
 .rodata.s_usartRest
                0x000015c4       0x14 CMakeFiles/hello_world.elf.dir/home/hernan/lpc_with_linux/SDK_25_06_00_LPC845BREAKOUT/devices/LPC845/drivers/fsl_usart.c.obj
 .rodata.s_usartClock
                0x000015d8        0xa CMakeFiles/hello_world.elf.dir/home/hernan/lpc_with_linux/SDK_25_06_00_LPC845BREAKOUT/devices/LPC845/drivers/fsl_usart.c.obj
 *(.glue_7)
 .glue_7        0x000015e2        0x0 linker stubs
 *(.glue_7t)
 .glue_7t       0x000015e2        0x0 linker stubs
 *(.eh_frame)
 *fill*         0x000015e2        0x2 
 .eh_frame      0x000015e4        0x0 /usr/lib/gcc/arm-none-eabi/15.2.0/thumb/v6-m/nofp/crtbegin.o
 *(.init)
 .init          0x000015e4        0x4 /usr/lib/gcc/arm-none-eabi/15.2.0/thumb/v6-m/nofp/crti.o
                0x000015e4                _init
 .init          0x000015e8        0x8 /usr/lib/gcc/arm-none-eabi/15.2.0/thumb/v6-m/nofp/crtn.o
 *(.fini)
 .fini          0x000015f0        0x4 /usr/lib/gcc/arm-none-eabi/15.2.0/thumb/v6-m/nofp/crti.o
                0x000015f0                _fini
 .fini          0x000015f4        0x8 /usr/lib/gcc/arm-none-eabi/15.2.0/thumb/v6-m/nofp/crtn.o
                0x000015fc                        . = ALIGN (0x4)

.vfp11_veneer   0x000015fc        0x0
 .vfp11_veneer  0x000015fc        0x0 linker stubs

.v4_bx          0x000015fc        0x0
 .v4_bx         0x000015fc        0x0 linker stubs

.iplt           0x000015fc        0x0
 .iplt          0x000015fc        0x0 /usr/lib/gcc/arm-none-eabi/15.2.0/thumb/v6-m/nofp/crtbegin.o

.ARM.extab
 *(.ARM.extab* .gnu.linkonce.armextab.*)

.ARM            0x000015fc        0x8
                0x000015fc                        __exidx_start = .
 *(.ARM.exidx*)
 .ARM.exidx     0x000015fc        0x8 /usr/lib/gcc/arm-none-eabi/15.2.0/../../../../arm-none-eabi/lib/thumb/v6-m/nofp/crt0.o
                                 0x10 (size before relaxing)
                0x00001604                        __exidx_end = .

.rel.dyn        0x00001604        0x0
 .rel.iplt      0x00001604        0x0 /usr/lib/gcc/arm-none-eabi/15.2.0/thumb/v6-m/nofp/crtbegin.o

.ctors          0x00001604        0x0
                0x00001604                        __CTOR_LIST__ = .
 *crtbegin.o(.ctors)
 *crtbegin?.o(.ctors)
 *(EXCLUDE_FILE(*crtend.o *crtend?.o) .ctors)
 *(SORT_BY_NAME(.ctors.*))
 *(.ctors)
                0x00001604                        __CTOR_END__ = .

.dtors          0x00001604        0x0
                0x00001604                        __DTOR_LIST__ = .
 *crtbegin.o(.dtors)
 *crtbegin?.o(.dtors)
 *(EXCLUDE_FILE(*crtend.o *crtend?.o) .dtors)
 *(SORT_BY_NAME(.dtors.*))
 *(.dtors)
                0x00001604                        __DTOR_END__ = .

.preinit_array  0x00001604        0x0
                0x00001604                        PROVIDE (__preinit_array_start = .)
 *(.preinit_array*)
                0x00001604                        PROVIDE (__preinit_array_end = .)

.init_array     0x00001604        0x4
                0x00001604                        PROVIDE (__init_array_start = .)
 *(SORT_BY_NAME(.init_array.*))
 *(.init_array*)
 .init_array    0x00001604        0x4 /usr/lib/gcc/arm-none-eabi/15.2.0/thumb/v6-m/nofp/crtbegin.o
                0x00001608                        PROVIDE (__init_array_end = .)

.fini_array     0x00001608        0x4
                0x00001608                        PROVIDE (__fini_array_start = .)
 *(SORT_BY_NAME(.fini_array.*))
 *(.fini_array*)
 .fini_array    0x00001608        0x4 /usr/lib/gcc/arm-none-eabi/15.2.0/thumb/v6-m/nofp/crtbegin.o
                0x0000160c                        PROVIDE (__fini_array_end = .)
                0x0000160c                        __etext = .
                0x0000160c                        __DATA_ROM = .

.data           0x10000000       0x58 load address 0x0000160c
                0x10000000                        . = ALIGN (0x4)
                0x10000000                        __DATA_RAM = .
                0x10000000                        __data_start__ = .
 *(.ramfunc*)
 *(.data)
 *(.data*)
 .data.SystemCoreClock
                0x10000000        0x4 CMakeFiles/hello_world.elf.dir/home/hernan/lpc_with_linux/SDK_25_06_00_LPC845BREAKOUT/devices/LPC845/system_LPC845.c.obj
                0x10000000                SystemCoreClock
 .data._impure_ptr
                0x10000004        0x4 /usr/lib/gcc/arm-none-eabi/15.2.0/../../../../arm-none-eabi/lib/thumb/v6-m/nofp/libc_nano.a(libc_a-impure.o)
                0x10000004                _impure_ptr
 .data._impure_data
                0x10000008       0x4c /usr/lib/gcc/arm-none-eabi/15.2.0/../../../../arm-none-eabi/lib/thumb/v6-m/nofp/libc_nano.a(libc_a-impure.o)
                0x10000008                _impure_data
 .data.__atexit_recursive_mutex
                0x10000054        0x4 /usr/lib/gcc/arm-none-eabi/15.2.0/../../../../arm-none-eabi/lib/thumb/v6-m/nofp/libc_nano.a(libc_a-__call_atexit.o)
                0x10000054                __atexit_recursive_mutex
 *(.jcr*)
                0x10000058                        . = ALIGN (0x4)
                0x10000058                        __data_end__ = .
                0x00001664                        __DATA_END = (__DATA_ROM + (__data_end__ - __data_start__))
                0x00010000                        text_end = (ORIGIN (m_text) + LENGTH (m_text))
                0x00000001                        ASSERT ((__DATA_END <= text_end), region m_text overflowed with text and data)

.tm_clone_table
                0x10000058        0x0 load address 0x00001664
 .tm_clone_table
                0x10000058        0x0 /usr/lib/gcc/arm-none-eabi/15.2.0/thumb/v6-m/nofp/crtbegin.o
 .tm_clone_table
                0x10000058        0x0 /usr/lib/gcc/arm-none-eabi/15.2.0/thumb/v6-m/nofp/crtend.o

.igot.plt       0x10000058        0x0 load address 0x00001664
 .igot.plt      0x10000058        0x0 /usr/lib/gcc/arm-none-eabi/15.2.0/thumb/v6-m/nofp/crtbegin.o

.bss            0x10000058      0x230 load address 0x00001664
                0x10000058                        . = ALIGN (0x4)
                0x10000058                        __START_BSS = .
                0x10000058                        __bss_start__ = .
 *(.bss)
 .bss           0x10000058       0x1c /usr/lib/gcc/arm-none-eabi/15.2.0/thumb/v6-m/nofp/crtbegin.o
 *(.bss*)
 .bss.g_Wdt_Osc_Freq
                0x10000074        0x4 CMakeFiles/hello_world.elf.dir/home/hernan/lpc_with_linux/SDK_25_06_00_LPC845BREAKOUT/devices/LPC845/drivers/fsl_clock.c.obj
                0x10000074                g_Wdt_Osc_Freq
 .bss.g_Ext_Clk_Freq
                0x10000078        0x4 CMakeFiles/hello_world.elf.dir/home/hernan/lpc_with_linux/SDK_25_06_00_LPC845BREAKOUT/devices/LPC845/drivers/fsl_clock.c.obj
                0x10000078                g_Ext_Clk_Freq
 .bss.s_usartIsr
                0x1000007c        0x4 CMakeFiles/hello_world.elf.dir/home/hernan/lpc_with_linux/SDK_25_06_00_LPC845BREAKOUT/devices/LPC845/drivers/fsl_usart.c.obj
 .bss.s_usartHandle
                0x10000080       0x14 CMakeFiles/hello_world.elf.dir/home/hernan/lpc_with_linux/SDK_25_06_00_LPC845BREAKOUT/devices/LPC845/drivers/fsl_usart.c.obj
 .bss.heap_end.0
                0x10000094        0x4 CMakeFiles/hello_world.elf.dir/home/hernan/lpc_with_linux/SDK_25_06_00_LPC845BREAKOUT/devices/LPC845/utilities/fsl_sbrk.c.obj
 .bss.s_debugConsole
                0x10000098       0x14 CMakeFiles/hello_world.elf.dir/home/hernan/lpc_with_linux/SDK_25_06_00_LPC845BREAKOUT/devices/LPC845/utilities/debug_console_lite/fsl_debug_console.c.obj
 .bss.__malloc_sbrk_start
                0x100000ac        0x4 /usr/lib/gcc/arm-none-eabi/15.2.0/../../../../arm-none-eabi/lib/thumb/v6-m/nofp/libc_nano.a(libc_a-mallocr.o)
                0x100000ac                __malloc_sbrk_start
 .bss.__malloc_free_list
                0x100000b0        0x4 /usr/lib/gcc/arm-none-eabi/15.2.0/../../../../arm-none-eabi/lib/thumb/v6-m/nofp/libc_nano.a(libc_a-mallocr.o)
                0x100000b0                __malloc_free_list
 .bss.__sf      0x100000b4      0x138 /usr/lib/gcc/arm-none-eabi/15.2.0/../../../../arm-none-eabi/lib/thumb/v6-m/nofp/libc_nano.a(libc_a-findfp.o)
                0x100000b4                __sf
 .bss.__stdio_exit_handler
                0x100001ec        0x4 /usr/lib/gcc/arm-none-eabi/15.2.0/../../../../arm-none-eabi/lib/thumb/v6-m/nofp/libc_nano.a(libc_a-findfp.o)
                0x100001ec                __stdio_exit_handler
 .bss.errno     0x100001f0        0x4 /usr/lib/gcc/arm-none-eabi/15.2.0/../../../../arm-none-eabi/lib/thumb/v6-m/nofp/libc_nano.a(libc_a-reent.o)
                0x100001f0                errno
 .bss.__lock___malloc_recursive_mutex
                0x100001f4        0x1 /usr/lib/gcc/arm-none-eabi/15.2.0/../../../../arm-none-eabi/lib/thumb/v6-m/nofp/libc_nano.a(libc_a-lock.o)
                0x100001f4                __lock___malloc_recursive_mutex
 .bss.__lock___atexit_recursive_mutex
                0x100001f5        0x1 /usr/lib/gcc/arm-none-eabi/15.2.0/../../../../arm-none-eabi/lib/thumb/v6-m/nofp/libc_nano.a(libc_a-lock.o)
                0x100001f5                __lock___atexit_recursive_mutex
 *fill*         0x100001f6        0x2 
 .bss.__atexit0
                0x100001f8       0x8c /usr/lib/gcc/arm-none-eabi/15.2.0/../../../../arm-none-eabi/lib/thumb/v6-m/nofp/libc_nano.a(libc_a-__atexit.o)
                0x100001f8                __atexit0
 .bss.__atexit  0x10000284        0x4 /usr/lib/gcc/arm-none-eabi/15.2.0/../../../../arm-none-eabi/lib/thumb/v6-m/nofp/libc_nano.a(libc_a-__call_atexit.o)
                0x10000284                __atexit
 *(COMMON)
                0x10000288                        . = ALIGN (0x4)
                0x10000288                        __bss_end__ = .
                0x10000288                        __END_BSS = .

.heap           0x10000288      0x400 load address 0x00001894
                0x10000288                        . = ALIGN (0x8)
                0x10000288                        __end__ = .
                0x10000288                        PROVIDE (end = .)
                0x10000288                        __HeapBase = .
                0x10000688                        . = (. + HEAP_SIZE)
 *fill*         0x10000288      0x400 
                0x10000688                        __HeapLimit = .
                0x10000688                        __heap_limit = .

.stack          0x10000688      0x800 load address 0x00001c94
                0x10000688                        . = ALIGN (0x8)
                0x10000e88                        . = (. + STACK_SIZE)
 *fill*         0x10000688      0x800 
                0x10003fe0                        __StackTop = (ORIGIN (m_data) + LENGTH (m_data))
                0x100037e0                        __StackLimit = (__StackTop - STACK_SIZE)
                0x10003fe0                        PROVIDE (__stack = __StackTop)

.ARM.attributes
                0x00000000       0x28
 *(.ARM.attributes)
 .ARM.attributes
                0x00000000       0x1e /usr/lib/gcc/arm-none-eabi/15.2.0/thumb/v6-m/nofp/crti.o
 .ARM.attributes
                0x0000001e       0x2c /usr/lib/gcc/arm-none-eabi/15.2.0/thumb/v6-m/nofp/crtbegin.o
 .ARM.attributes
                0x0000004a       0x1b /usr/lib/gcc/arm-none-eabi/15.2.0/../../../../arm-none-eabi/lib/thumb/v6-m/nofp/crt0.o
 .ARM.attributes
                0x00000065       0x2c CMakeFiles/hello_world.elf.dir/home/hernan/lpc_with_linux/SDK_25_06_00_LPC845BREAKOUT/boards/lpc845breakout/demo_apps/hello_world/hello_world.c.obj
 .ARM.attributes
                0x00000091       0x2c CMakeFiles/hello_world.elf.dir/home/hernan/lpc_with_linux/SDK_25_06_00_LPC845BREAKOUT/boards/lpc845breakout/demo_apps/hello_world/board.c.obj
 .ARM.attributes
                0x000000bd       0x2c CMakeFiles/hello_world.elf.dir/home/hernan/lpc_with_linux/SDK_25_06_00_LPC845BREAKOUT/boards/lpc845breakout/demo_apps/hello_world/clock_config.c.obj
 .ARM.attributes
                0x000000e9       0x2c CMakeFiles/hello_world.elf.dir/home/hernan/lpc_with_linux/SDK_25_06_00_LPC845BREAKOUT/boards/lpc845breakout/demo_apps/hello_world/pin_mux.c.obj
 .ARM.attributes
                0x00000115       0x2c CMakeFiles/hello_world.elf.dir/home/hernan/lpc_with_linux/SDK_25_06_00_LPC845BREAKOUT/boards/lpc845breakout/demo_apps/hello_world/hardware_init.c.obj
 .ARM.attributes
                0x00000141       0x2c CMakeFiles/hello_world.elf.dir/home/hernan/lpc_with_linux/SDK_25_06_00_LPC845BREAKOUT/components/uart/fsl_adapter_miniusart.c.obj
 .ARM.attributes
                0x0000016d       0x1b CMakeFiles/hello_world.elf.dir/home/hernan/lpc_with_linux/SDK_25_06_00_LPC845BREAKOUT/devices/LPC845/gcc/startup_LPC845.S.obj
 .ARM.attributes
                0x00000188       0x2c CMakeFiles/hello_world.elf.dir/home/hernan/lpc_with_linux/SDK_25_06_00_LPC845BREAKOUT/devices/LPC845/system_LPC845.c.obj
 .ARM.attributes
                0x000001b4       0x2c CMakeFiles/hello_world.elf.dir/home/hernan/lpc_with_linux/SDK_25_06_00_LPC845BREAKOUT/devices/LPC845/drivers/fsl_clock.c.obj
 .ARM.attributes
                0x000001e0       0x2c CMakeFiles/hello_world.elf.dir/home/hernan/lpc_with_linux/SDK_25_06_00_LPC845BREAKOUT/devices/LPC845/drivers/fsl_gpio.c.obj
 .ARM.attributes
                0x0000020c       0x2c CMakeFiles/hello_world.elf.dir/home/hernan/lpc_with_linux/SDK_25_06_00_LPC845BREAKOUT/devices/LPC845/drivers/fsl_usart.c.obj
 .ARM.attributes
                0x00000238       0x2c CMakeFiles/hello_world.elf.dir/home/hernan/lpc_with_linux/SDK_25_06_00_LPC845BREAKOUT/devices/LPC845/drivers/fsl_reset.c.obj
 .ARM.attributes
                0x00000264       0x2c CMakeFiles/hello_world.elf.dir/home/hernan/lpc_with_linux/SDK_25_06_00_LPC845BREAKOUT/devices/LPC845/drivers/fsl_swm.c.obj
 .ARM.attributes
                0x00000290       0x2c CMakeFiles/hello_world.elf.dir/home/hernan/lpc_with_linux/SDK_25_06_00_LPC845BREAKOUT/devices/LPC845/utilities/fsl_sbrk.c.obj
 .ARM.attributes
                0x000002bc       0x2c CMakeFiles/hello_world.elf.dir/home/hernan/lpc_with_linux/SDK_25_06_00_LPC845BREAKOUT/devices/LPC845/utilities/debug_console_lite/fsl_debug_console.c.obj
 .ARM.attributes
                0x000002e8       0x2c /usr/lib/gcc/arm-none-eabi/15.2.0/../../../../arm-none-eabi/lib/thumb/v6-m/nofp/libc_nano.a(libc_a-atexit.o)
 .ARM.attributes
                0x00000314       0x2c /usr/lib/gcc/arm-none-eabi/15.2.0/../../../../arm-none-eabi/lib/thumb/v6-m/nofp/libc_nano.a(libc_a-exit.o)
 .ARM.attributes
                0x00000340       0x2c /usr/lib/gcc/arm-none-eabi/15.2.0/../../../../arm-none-eabi/lib/thumb/v6-m/nofp/libc_nano.a(libc_a-malloc.o)
 .ARM.attributes
                0x0000036c       0x2c /usr/lib/gcc/arm-none-eabi/15.2.0/../../../../arm-none-eabi/lib/thumb/v6-m/nofp/libc_nano.a(libc_a-mallocr.o)
 .ARM.attributes
                0x00000398       0x2c /usr/lib/gcc/arm-none-eabi/15.2.0/../../../../arm-none-eabi/lib/thumb/v6-m/nofp/libc_nano.a(libc_a-mlock.o)
 .ARM.attributes
                0x000003c4       0x2c /usr/lib/gcc/arm-none-eabi/15.2.0/../../../../arm-none-eabi/lib/thumb/v6-m/nofp/libc_nano.a(libc_a-findfp.o)
 .ARM.attributes
                0x000003f0       0x2c /usr/lib/gcc/arm-none-eabi/15.2.0/../../../../arm-none-eabi/lib/thumb/v6-m/nofp/libc_nano.a(libc_a-memset.o)
 .ARM.attributes
                0x0000041c       0x2c /usr/lib/gcc/arm-none-eabi/15.2.0/../../../../arm-none-eabi/lib/thumb/v6-m/nofp/libc_nano.a(libc_a-reent.o)
 .ARM.attributes
                0x00000448       0x2c /usr/lib/gcc/arm-none-eabi/15.2.0/../../../../arm-none-eabi/lib/thumb/v6-m/nofp/libc_nano.a(libc_a-impure.o)
 .ARM.attributes
                0x00000474       0x2c /usr/lib/gcc/arm-none-eabi/15.2.0/../../../../arm-none-eabi/lib/thumb/v6-m/nofp/libc_nano.a(libc_a-sbrkr.o)
 .ARM.attributes
                0x000004a0       0x2c /usr/lib/gcc/arm-none-eabi/15.2.0/../../../../arm-none-eabi/lib/thumb/v6-m/nofp/libc_nano.a(libc_a-errno.o)
 .ARM.attributes
                0x000004cc       0x2c /usr/lib/gcc/arm-none-eabi/15.2.0/../../../../arm-none-eabi/lib/thumb/v6-m/nofp/libc_nano.a(libc_a-init.o)
 .ARM.attributes
                0x000004f8       0x2c /usr/lib/gcc/arm-none-eabi/15.2.0/../../../../arm-none-eabi/lib/thumb/v6-m/nofp/libc_nano.a(libc_a-fini.o)
 .ARM.attributes
                0x00000524       0x2c /usr/lib/gcc/arm-none-eabi/15.2.0/../../../../arm-none-eabi/lib/thumb/v6-m/nofp/libc_nano.a(libc_a-lock.o)
 .ARM.attributes
                0x00000550       0x2c /usr/lib/gcc/arm-none-eabi/15.2.0/../../../../arm-none-eabi/lib/thumb/v6-m/nofp/libc_nano.a(libc_a-memcpy-stub.o)
 .ARM.attributes
                0x0000057c       0x1c /usr/lib/gcc/arm-none-eabi/15.2.0/../../../../arm-none-eabi/lib/thumb/v6-m/nofp/libc_nano.a(libc_a-strlen.o)
 .ARM.attributes
                0x00000598       0x2c /usr/lib/gcc/arm-none-eabi/15.2.0/../../../../arm-none-eabi/lib/thumb/v6-m/nofp/libc_nano.a(libc_a-__atexit.o)
 .ARM.attributes
                0x000005c4       0x2c /usr/lib/gcc/arm-none-eabi/15.2.0/../../../../arm-none-eabi/lib/thumb/v6-m/nofp/libc_nano.a(libc_a-__call_atexit.o)
 .ARM.attributes
                0x000005f0       0x1e /usr/lib/gcc/arm-none-eabi/15.2.0/thumb/v6-m/nofp/libgcc.a(_thumb1_case_uqi.o)
 .ARM.attributes
                0x0000060e       0x1e /usr/lib/gcc/arm-none-eabi/15.2.0/thumb/v6-m/nofp/libgcc.a(_udivsi3.o)
 .ARM.attributes
                0x0000062c       0x1e /usr/lib/gcc/arm-none-eabi/15.2.0/thumb/v6-m/nofp/libgcc.a(_dvmd_tls.o)
 .ARM.attributes
                0x0000064a       0x2c /usr/lib/gcc/arm-none-eabi/15.2.0/../../../../arm-none-eabi/lib/thumb/v6-m/nofp/libnosys.a(_exit.o)
 .ARM.attributes
                0x00000676       0x2c /usr/lib/gcc/arm-none-eabi/15.2.0/thumb/v6-m/nofp/crtend.o
 .ARM.attributes
                0x000006a2       0x1e /usr/lib/gcc/arm-none-eabi/15.2.0/thumb/v6-m/nofp/crtn.o
                0x00000001                        ASSERT ((__StackLimit >= __HeapLimit), region m_data overflowed with stack and heap)
OUTPUT(release/hello_world.elf elf32-littlearm)
LOAD linker stubs

.comment        0x00000000       0x46
 .comment       0x00000000       0x46 /usr/lib/gcc/arm-none-eabi/15.2.0/thumb/v6-m/nofp/crtbegin.o
                                 0x24 (size before relaxing)
 .comment       0x00000046        0x0 CMakeFiles/hello_world.elf.dir/home/hernan/lpc_with_linux/SDK_25_06_00_LPC845BREAKOUT/boards/lpc845breakout/demo_apps/hello_world/hello_world.c.obj
                                 0x24 (size before relaxing)
 .comment       0x00000046        0x0 CMakeFiles/hello_world.elf.dir/home/hernan/lpc_with_linux/SDK_25_06_00_LPC845BREAKOUT/boards/lpc845breakout/demo_apps/hello_world/board.c.obj
                                 0x24 (size before relaxing)
 .comment       0x00000046        0x0 CMakeFiles/hello_world.elf.dir/home/hernan/lpc_with_linux/SDK_25_06_00_LPC845BREAKOUT/boards/lpc845breakout/demo_apps/hello_world/clock_config.c.obj
                                 0x24 (size before relaxing)
 .comment       0x00000046        0x0 CMakeFiles/hello_world.elf.dir/home/hernan/lpc_with_linux/SDK_25_06_00_LPC845BREAKOUT/boards/lpc845breakout/demo_apps/hello_world/pin_mux.c.obj
                                 0x24 (size before relaxing)
 .comment       0x00000046        0x0 CMakeFiles/hello_world.elf.dir/home/hernan/lpc_with_linux/SDK_25_06_00_LPC845BREAKOUT/boards/lpc845breakout/demo_apps/hello_world/hardware_init.c.obj
                                 0x24 (size before relaxing)
 .comment       0x00000046        0x0 CMakeFiles/hello_world.elf.dir/home/hernan/lpc_with_linux/SDK_25_06_00_LPC845BREAKOUT/components/uart/fsl_adapter_miniusart.c.obj
                                 0x24 (size before relaxing)
 .comment       0x00000046        0x0 CMakeFiles/hello_world.elf.dir/home/hernan/lpc_with_linux/SDK_25_06_00_LPC845BREAKOUT/devices/LPC845/system_LPC845.c.obj
                                 0x24 (size before relaxing)
 .comment       0x00000046        0x0 CMakeFiles/hello_world.elf.dir/home/hernan/lpc_with_linux/SDK_25_06_00_LPC845BREAKOUT/devices/LPC845/drivers/fsl_clock.c.obj
                                 0x24 (size before relaxing)
 .comment       0x00000046        0x0 CMakeFiles/hello_world.elf.dir/home/hernan/lpc_with_linux/SDK_25_06_00_LPC845BREAKOUT/devices/LPC845/drivers/fsl_gpio.c.obj
                                 0x24 (size before relaxing)
 .comment       0x00000046        0x0 CMakeFiles/hello_world.elf.dir/home/hernan/lpc_with_linux/SDK_25_06_00_LPC845BREAKOUT/devices/LPC845/drivers/fsl_usart.c.obj
                                 0x24 (size before relaxing)
 .comment       0x00000046        0x0 CMakeFiles/hello_world.elf.dir/home/hernan/lpc_with_linux/SDK_25_06_00_LPC845BREAKOUT/devices/LPC845/drivers/fsl_reset.c.obj
                                 0x24 (size before relaxing)
 .comment       0x00000046        0x0 CMakeFiles/hello_world.elf.dir/home/hernan/lpc_with_linux/SDK_25_06_00_LPC845BREAKOUT/devices/LPC845/drivers/fsl_swm.c.obj
                                 0x24 (size before relaxing)
 .comment       0x00000046        0x0 CMakeFiles/hello_world.elf.dir/home/hernan/lpc_with_linux/SDK_25_06_00_LPC845BREAKOUT/devices/LPC845/utilities/fsl_sbrk.c.obj
                                 0x24 (size before relaxing)
 .comment       0x00000046        0x0 CMakeFiles/hello_world.elf.dir/home/hernan/lpc_with_linux/SDK_25_06_00_LPC845BREAKOUT/devices/LPC845/utilities/debug_console_lite/fsl_debug_console.c.obj
                                 0x24 (size before relaxing)
 .comment       0x00000046        0x0 /usr/lib/gcc/arm-none-eabi/15.2.0/../../../../arm-none-eabi/lib/thumb/v6-m/nofp/libc_nano.a(libc_a-atexit.o)
                                 0x24 (size before relaxing)
 .comment       0x00000046        0x0 /usr/lib/gcc/arm-none-eabi/15.2.0/../../../../arm-none-eabi/lib/thumb/v6-m/nofp/libc_nano.a(libc_a-exit.o)
                                 0x24 (size before relaxing)
 .comment       0x00000046        0x0 /usr/lib/gcc/arm-none-eabi/15.2.0/../../../../arm-none-eabi/lib/thumb/v6-m/nofp/libc_nano.a(libc_a-malloc.o)
                                 0x24 (size before relaxing)
 .comment       0x00000046        0x0 /usr/lib/gcc/arm-none-eabi/15.2.0/../../../../arm-none-eabi/lib/thumb/v6-m/nofp/libc_nano.a(libc_a-mallocr.o)
                                 0x24 (size before relaxing)
 .comment       0x00000046        0x0 /usr/lib/gcc/arm-none-eabi/15.2.0/../../../../arm-none-eabi/lib/thumb/v6-m/nofp/libc_nano.a(libc_a-mlock.o)
                                 0x24 (size before relaxing)
 .comment       0x00000046        0x0 /usr/lib/gcc/arm-none-eabi/15.2.0/../../../../arm-none-eabi/lib/thumb/v6-m/nofp/libc_nano.a(libc_a-findfp.o)
                                 0x24 (size before relaxing)
 .comment       0x00000046        0x0 /usr/lib/gcc/arm-none-eabi/15.2.0/../../../../arm-none-eabi/lib/thumb/v6-m/nofp/libc_nano.a(libc_a-memset.o)
                                 0x24 (size before relaxing)
 .comment       0x00000046        0x0 /usr/lib/gcc/arm-none-eabi/15.2.0/../../../../arm-none-eabi/lib/thumb/v6-m/nofp/libc_nano.a(libc_a-reent.o)
                                 0x24 (size before relaxing)
 .comment       0x00000046        0x0 /usr/lib/gcc/arm-none-eabi/15.2.0/../../../../arm-none-eabi/lib/thumb/v6-m/nofp/libc_nano.a(libc_a-impure.o)
                                 0x24 (size before relaxing)
 .comment       0x00000046        0x0 /usr/lib/gcc/arm-none-eabi/15.2.0/../../../../arm-none-eabi/lib/thumb/v6-m/nofp/libc_nano.a(libc_a-sbrkr.o)
                                 0x24 (size before relaxing)
 .comment       0x00000046        0x0 /usr/lib/gcc/arm-none-eabi/15.2.0/../../../../arm-none-eabi/lib/thumb/v6-m/nofp/libc_nano.a(libc_a-errno.o)
                                 0x24 (size before relaxing)
 .comment       0x00000046        0x0 /usr/lib/gcc/arm-none-eabi/15.2.0/../../../../arm-none-eabi/lib/thumb/v6-m/nofp/libc_nano.a(libc_a-init.o)
                                 0x24 (size before relaxing)
 .comment       0x00000046        0x0 /usr/lib/gcc/arm-none-eabi/15.2.0/../../../../arm-none-eabi/lib/thumb/v6-m/nofp/libc_nano.a(libc_a-fini.o)
                                 0x24 (size before relaxing)
 .comment       0x00000046        0x0 /usr/lib/gcc/arm-none-eabi/15.2.0/../../../../arm-none-eabi/lib/thumb/v6-m/nofp/libc_nano.a(libc_a-lock.o)
                                 0x24 (size before relaxing)
 .comment       0x00000046        0x0 /usr/lib/gcc/arm-none-eabi/15.2.0/../../../../arm-none-eabi/lib/thumb/v6-m/nofp/libc_nano.a(libc_a-memcpy-stub.o)
                                 0x24 (size before relaxing)
 .comment       0x00000046        0x0 /usr/lib/gcc/arm-none-eabi/15.2.0/../../../../arm-none-eabi/lib/thumb/v6-m/nofp/libc_nano.a(libc_a-__atexit.o)
                                 0x24 (size before relaxing)
 .comment       0x00000046        0x0 /usr/lib/gcc/arm-none-eabi/15.2.0/../../../../arm-none-eabi/lib/thumb/v6-m/nofp/libc_nano.a(libc_a-__call_atexit.o)
                                 0x24 (size before relaxing)
 .comment       0x00000046        0x0 /usr/lib/gcc/arm-none-eabi/15.2.0/../../../../arm-none-eabi/lib/thumb/v6-m/nofp/libnosys.a(_exit.o)
                                 0x24 (size before relaxing)
 .comment       0x00000046        0x0 /usr/lib/gcc/arm-none-eabi/15.2.0/thumb/v6-m/nofp/crtend.o
                                 0x24 (size before relaxing)

.debug_line     0x00000000     0x2484
 .debug_line    0x00000000       0x7a /usr/lib/gcc/arm-none-eabi/15.2.0/../../../../arm-none-eabi/lib/thumb/v6-m/nofp/crt0.o
 .debug_line    0x0000007a       0xf4 /usr/lib/gcc/arm-none-eabi/15.2.0/../../../../arm-none-eabi/lib/thumb/v6-m/nofp/libc_nano.a(libc_a-atexit.o)
 .debug_line    0x0000016e      0x181 /usr/lib/gcc/arm-none-eabi/15.2.0/../../../../arm-none-eabi/lib/thumb/v6-m/nofp/libc_nano.a(libc_a-exit.o)
 .debug_line    0x000002ef      0x1d7 /usr/lib/gcc/arm-none-eabi/15.2.0/../../../../arm-none-eabi/lib/thumb/v6-m/nofp/libc_nano.a(libc_a-malloc.o)
 .debug_line    0x000004c6      0x4e4 /usr/lib/gcc/arm-none-eabi/15.2.0/../../../../arm-none-eabi/lib/thumb/v6-m/nofp/libc_nano.a(libc_a-mallocr.o)
 .debug_line    0x000009aa      0x1c6 /usr/lib/gcc/arm-none-eabi/15.2.0/../../../../arm-none-eabi/lib/thumb/v6-m/nofp/libc_nano.a(libc_a-mlock.o)
 .debug_line    0x00000b70      0x600 /usr/lib/gcc/arm-none-eabi/15.2.0/../../../../arm-none-eabi/lib/thumb/v6-m/nofp/libc_nano.a(libc_a-findfp.o)
 .debug_line    0x00001170      0x127 /usr/lib/gcc/arm-none-eabi/15.2.0/../../../../arm-none-eabi/lib/thumb/v6-m/nofp/libc_nano.a(libc_a-memset.o)
 .debug_line    0x00001297      0x2b6 /usr/lib/gcc/arm-none-eabi/15.2.0/../../../../arm-none-eabi/lib/thumb/v6-m/nofp/libc_nano.a(libc_a-reent.o)
 .debug_line    0x0000154d      0x112 /usr/lib/gcc/arm-none-eabi/15.2.0/../../../../arm-none-eabi/lib/thumb/v6-m/nofp/libc_nano.a(libc_a-impure.o)
 .debug_line    0x0000165f      0x1e9 /usr/lib/gcc/arm-none-eabi/15.2.0/../../../../arm-none-eabi/lib/thumb/v6-m/nofp/libc_nano.a(libc_a-sbrkr.o)
 .debug_line    0x00001848      0x141 /usr/lib/gcc/arm-none-eabi/15.2.0/../../../../arm-none-eabi/lib/thumb/v6-m/nofp/libc_nano.a(libc_a-errno.o)
 .debug_line    0x00001989      0x103 /usr/lib/gcc/arm-none-eabi/15.2.0/../../../../arm-none-eabi/lib/thumb/v6-m/nofp/libc_nano.a(libc_a-init.o)
 .debug_line    0x00001a8c       0xcb /usr/lib/gcc/arm-none-eabi/15.2.0/../../../../arm-none-eabi/lib/thumb/v6-m/nofp/libc_nano.a(libc_a-fini.o)
 .debug_line    0x00001b57      0x187 /usr/lib/gcc/arm-none-eabi/15.2.0/../../../../arm-none-eabi/lib/thumb/v6-m/nofp/libc_nano.a(libc_a-lock.o)
 .debug_line    0x00001cde      0x184 /usr/lib/gcc/arm-none-eabi/15.2.0/../../../../arm-none-eabi/lib/thumb/v6-m/nofp/libc_nano.a(libc_a-memcpy-stub.o)
 .debug_line    0x00001e62       0x4f /usr/lib/gcc/arm-none-eabi/15.2.0/../../../../arm-none-eabi/lib/thumb/v6-m/nofp/libc_nano.a(libc_a-strlen.o)
 .debug_line    0x00001eb1      0x254 /usr/lib/gcc/arm-none-eabi/15.2.0/../../../../arm-none-eabi/lib/thumb/v6-m/nofp/libc_nano.a(libc_a-__atexit.o)
 .debug_line    0x00002105      0x22d /usr/lib/gcc/arm-none-eabi/15.2.0/../../../../arm-none-eabi/lib/thumb/v6-m/nofp/libc_nano.a(libc_a-__call_atexit.o)
 .debug_line    0x00002332       0x52 /usr/lib/gcc/arm-none-eabi/15.2.0/thumb/v6-m/nofp/libgcc.a(_thumb1_case_uqi.o)
 .debug_line    0x00002384       0x56 /usr/lib/gcc/arm-none-eabi/15.2.0/thumb/v6-m/nofp/libgcc.a(_udivsi3.o)
 .debug_line    0x000023da       0x4a /usr/lib/gcc/arm-none-eabi/15.2.0/thumb/v6-m/nofp/libgcc.a(_dvmd_tls.o)
 .debug_line    0x00002424       0x60 /usr/lib/gcc/arm-none-eabi/15.2.0/../../../../arm-none-eabi/lib/thumb/v6-m/nofp/libnosys.a(_exit.o)

.debug_line_str
                0x00000000      0x239
 .debug_line_str
                0x00000000      0x239 /usr/lib/gcc/arm-none-eabi/15.2.0/../../../../arm-none-eabi/lib/thumb/v6-m/nofp/crt0.o
                                 0xb0 (size before relaxing)
 .debug_line_str
                0x00000239        0x0 /usr/lib/gcc/arm-none-eabi/15.2.0/../../../../arm-none-eabi/lib/thumb/v6-m/nofp/libc_nano.a(libc_a-strlen.o)
                                 0xc3 (size before relaxing)
 .debug_line_str
                0x00000239        0x0 /usr/lib/gcc/arm-none-eabi/15.2.0/thumb/v6-m/nofp/libgcc.a(_thumb1_case_uqi.o)
                                 0xc6 (size before relaxing)
 .debug_line_str
                0x00000239        0x0 /usr/lib/gcc/arm-none-eabi/15.2.0/thumb/v6-m/nofp/libgcc.a(_udivsi3.o)
                                 0xc6 (size before relaxing)
 .debug_line_str
                0x00000239        0x0 /usr/lib/gcc/arm-none-eabi/15.2.0/thumb/v6-m/nofp/libgcc.a(_dvmd_tls.o)
                                 0xc6 (size before relaxing)

.debug_info     0x00000000     0x5658
 .debug_info    0x00000000       0x24 /usr/lib/gcc/arm-none-eabi/15.2.0/../../../../arm-none-eabi/lib/thumb/v6-m/nofp/crt0.o
 .debug_info    0x00000024      0x123 /usr/lib/gcc/arm-none-eabi/15.2.0/../../../../arm-none-eabi/lib/thumb/v6-m/nofp/libc_nano.a(libc_a-atexit.o)
 .debug_info    0x00000147      0x120 /usr/lib/gcc/arm-none-eabi/15.2.0/../../../../arm-none-eabi/lib/thumb/v6-m/nofp/libc_nano.a(libc_a-exit.o)
 .debug_info    0x00000267      0x7a5 /usr/lib/gcc/arm-none-eabi/15.2.0/../../../../arm-none-eabi/lib/thumb/v6-m/nofp/libc_nano.a(libc_a-malloc.o)
 .debug_info    0x00000a0c      0x9cd /usr/lib/gcc/arm-none-eabi/15.2.0/../../../../arm-none-eabi/lib/thumb/v6-m/nofp/libc_nano.a(libc_a-mallocr.o)
 .debug_info    0x000013d9      0x770 /usr/lib/gcc/arm-none-eabi/15.2.0/../../../../arm-none-eabi/lib/thumb/v6-m/nofp/libc_nano.a(libc_a-mlock.o)
 .debug_info    0x00001b49      0xfa9 /usr/lib/gcc/arm-none-eabi/15.2.0/../../../../arm-none-eabi/lib/thumb/v6-m/nofp/libc_nano.a(libc_a-findfp.o)
 .debug_info    0x00002af2       0xe5 /usr/lib/gcc/arm-none-eabi/15.2.0/../../../../arm-none-eabi/lib/thumb/v6-m/nofp/libc_nano.a(libc_a-memset.o)
 .debug_info    0x00002bd7      0x89f /usr/lib/gcc/arm-none-eabi/15.2.0/../../../../arm-none-eabi/lib/thumb/v6-m/nofp/libc_nano.a(libc_a-reent.o)
 .debug_info    0x00003476      0x71a /usr/lib/gcc/arm-none-eabi/15.2.0/../../../../arm-none-eabi/lib/thumb/v6-m/nofp/libc_nano.a(libc_a-impure.o)
 .debug_info    0x00003b90      0x787 /usr/lib/gcc/arm-none-eabi/15.2.0/../../../../arm-none-eabi/lib/thumb/v6-m/nofp/libc_nano.a(libc_a-sbrkr.o)
 .debug_info    0x00004317      0x700 /usr/lib/gcc/arm-none-eabi/15.2.0/../../../../arm-none-eabi/lib/thumb/v6-m/nofp/libc_nano.a(libc_a-errno.o)
 .debug_info    0x00004a17      0x110 /usr/lib/gcc/arm-none-eabi/15.2.0/../../../../arm-none-eabi/lib/thumb/v6-m/nofp/libc_nano.a(libc_a-init.o)
 .debug_info    0x00004b27       0xfc /usr/lib/gcc/arm-none-eabi/15.2.0/../../../../arm-none-eabi/lib/thumb/v6-m/nofp/libc_nano.a(libc_a-fini.o)
 .debug_info    0x00004c23      0x21d /usr/lib/gcc/arm-none-eabi/15.2.0/../../../../arm-none-eabi/lib/thumb/v6-m/nofp/libc_nano.a(libc_a-lock.o)
 .debug_info    0x00004e40      0x120 /usr/lib/gcc/arm-none-eabi/15.2.0/../../../../arm-none-eabi/lib/thumb/v6-m/nofp/libc_nano.a(libc_a-memcpy-stub.o)
 .debug_info    0x00004f60       0x31 /usr/lib/gcc/arm-none-eabi/15.2.0/../../../../arm-none-eabi/lib/thumb/v6-m/nofp/libc_nano.a(libc_a-strlen.o)
 .debug_info    0x00004f91      0x2de /usr/lib/gcc/arm-none-eabi/15.2.0/../../../../arm-none-eabi/lib/thumb/v6-m/nofp/libc_nano.a(libc_a-__atexit.o)
 .debug_info    0x0000526f      0x295 /usr/lib/gcc/arm-none-eabi/15.2.0/../../../../arm-none-eabi/lib/thumb/v6-m/nofp/libc_nano.a(libc_a-__call_atexit.o)
 .debug_info    0x00005504       0x31 /usr/lib/gcc/arm-none-eabi/15.2.0/thumb/v6-m/nofp/libgcc.a(_thumb1_case_uqi.o)
 .debug_info    0x00005535       0x3e /usr/lib/gcc/arm-none-eabi/15.2.0/thumb/v6-m/nofp/libgcc.a(_udivsi3.o)
 .debug_info    0x00005573       0x3c /usr/lib/gcc/arm-none-eabi/15.2.0/thumb/v6-m/nofp/libgcc.a(_dvmd_tls.o)
 .debug_info    0x000055af       0xa9 /usr/lib/gcc/arm-none-eabi/15.2.0/../../../../arm-none-eabi/lib/thumb/v6-m/nofp/libnosys.a(_exit.o)

.debug_abbrev   0x00000000     0x1b0a
 .debug_abbrev  0x00000000       0x14 /usr/lib/gcc/arm-none-eabi/15.2.0/../../../../arm-none-eabi/lib/thumb/v6-m/nofp/crt0.o
 .debug_abbrev  0x00000014       0xc4 /usr/lib/gcc/arm-none-eabi/15.2.0/../../../../arm-none-eabi/lib/thumb/v6-m/nofp/libc_nano.a(libc_a-atexit.o)
 .debug_abbrev  0x000000d8       0xde /usr/lib/gcc/arm-none-eabi/15.2.0/../../../../arm-none-eabi/lib/thumb/v6-m/nofp/libc_nano.a(libc_a-exit.o)
 .debug_abbrev  0x000001b6      0x1d2 /usr/lib/gcc/arm-none-eabi/15.2.0/../../../../arm-none-eabi/lib/thumb/v6-m/nofp/libc_nano.a(libc_a-malloc.o)
 .debug_abbrev  0x00000388      0x247 /usr/lib/gcc/arm-none-eabi/15.2.0/../../../../arm-none-eabi/lib/thumb/v6-m/nofp/libc_nano.a(libc_a-mallocr.o)
 .debug_abbrev  0x000005cf      0x1c2 /usr/lib/gcc/arm-none-eabi/15.2.0/../../../../arm-none-eabi/lib/thumb/v6-m/nofp/libc_nano.a(libc_a-mlock.o)
 .debug_abbrev  0x00000791      0x404 /usr/lib/gcc/arm-none-eabi/15.2.0/../../../../arm-none-eabi/lib/thumb/v6-m/nofp/libc_nano.a(libc_a-findfp.o)
 .debug_abbrev  0x00000b95       0xa4 /usr/lib/gcc/arm-none-eabi/15.2.0/../../../../arm-none-eabi/lib/thumb/v6-m/nofp/libc_nano.a(libc_a-memset.o)
 .debug_abbrev  0x00000c39      0x1fa /usr/lib/gcc/arm-none-eabi/15.2.0/../../../../arm-none-eabi/lib/thumb/v6-m/nofp/libc_nano.a(libc_a-reent.o)
 .debug_abbrev  0x00000e33      0x14f /usr/lib/gcc/arm-none-eabi/15.2.0/../../../../arm-none-eabi/lib/thumb/v6-m/nofp/libc_nano.a(libc_a-impure.o)
 .debug_abbrev  0x00000f82      0x1e0 /usr/lib/gcc/arm-none-eabi/15.2.0/../../../../arm-none-eabi/lib/thumb/v6-m/nofp/libc_nano.a(libc_a-sbrkr.o)
 .debug_abbrev  0x00001162      0x164 /usr/lib/gcc/arm-none-eabi/15.2.0/../../../../arm-none-eabi/lib/thumb/v6-m/nofp/libc_nano.a(libc_a-errno.o)
 .debug_abbrev  0x000012c6       0xcf /usr/lib/gcc/arm-none-eabi/15.2.0/../../../../arm-none-eabi/lib/thumb/v6-m/nofp/libc_nano.a(libc_a-init.o)
 .debug_abbrev  0x00001395       0xcf /usr/lib/gcc/arm-none-eabi/15.2.0/../../../../arm-none-eabi/lib/thumb/v6-m/nofp/libc_nano.a(libc_a-fini.o)
 .debug_abbrev  0x00001464      0x11b /usr/lib/gcc/arm-none-eabi/15.2.0/../../../../arm-none-eabi/lib/thumb/v6-m/nofp/libc_nano.a(libc_a-lock.o)
 .debug_abbrev  0x0000157f       0xc7 /usr/lib/gcc/arm-none-eabi/15.2.0/../../../../arm-none-eabi/lib/thumb/v6-m/nofp/libc_nano.a(libc_a-memcpy-stub.o)
 .debug_abbrev  0x00001646       0x28 /usr/lib/gcc/arm-none-eabi/15.2.0/../../../../arm-none-eabi/lib/thumb/v6-m/nofp/libc_nano.a(libc_a-strlen.o)
 .debug_abbrev  0x0000166e      0x1f0 /usr/lib/gcc/arm-none-eabi/15.2.0/../../../../arm-none-eabi/lib/thumb/v6-m/nofp/libc_nano.a(libc_a-__atexit.o)
 .debug_abbrev  0x0000185e      0x1c7 /usr/lib/gcc/arm-none-eabi/15.2.0/../../../../arm-none-eabi/lib/thumb/v6-m/nofp/libc_nano.a(libc_a-__call_atexit.o)
 .debug_abbrev  0x00001a25       0x28 /usr/lib/gcc/arm-none-eabi/15.2.0/thumb/v6-m/nofp/libgcc.a(_thumb1_case_uqi.o)
 .debug_abbrev  0x00001a4d       0x28 /usr/lib/gcc/arm-none-eabi/15.2.0/thumb/v6-m/nofp/libgcc.a(_udivsi3.o)
 .debug_abbrev  0x00001a75       0x26 /usr/lib/gcc/arm-none-eabi/15.2.0/thumb/v6-m/nofp/libgcc.a(_dvmd_tls.o)
 .debug_abbrev  0x00001a9b       0x6f /usr/lib/gcc/arm-none-eabi/15.2.0/../../../../arm-none-eabi/lib/thumb/v6-m/nofp/libnosys.a(_exit.o)

.debug_aranges  0x00000000      0x390
 .debug_aranges
                0x00000000       0x20 /usr/lib/gcc/arm-none-eabi/15.2.0/../../../../arm-none-eabi/lib/thumb/v6-m/nofp/crt0.o
 .debug_aranges
                0x00000020       0x20 /usr/lib/gcc/arm-none-eabi/15.2.0/../../../../arm-none-eabi/lib/thumb/v6-m/nofp/libc_nano.a(libc_a-atexit.o)
 .debug_aranges
                0x00000040       0x20 /usr/lib/gcc/arm-none-eabi/15.2.0/../../../../arm-none-eabi/lib/thumb/v6-m/nofp/libc_nano.a(libc_a-exit.o)
 .debug_aranges
                0x00000060       0x28 /usr/lib/gcc/arm-none-eabi/15.2.0/../../../../arm-none-eabi/lib/thumb/v6-m/nofp/libc_nano.a(libc_a-malloc.o)
 .debug_aranges
                0x00000088       0x28 /usr/lib/gcc/arm-none-eabi/15.2.0/../../../../arm-none-eabi/lib/thumb/v6-m/nofp/libc_nano.a(libc_a-mallocr.o)
 .debug_aranges
                0x000000b0       0x28 /usr/lib/gcc/arm-none-eabi/15.2.0/../../../../arm-none-eabi/lib/thumb/v6-m/nofp/libc_nano.a(libc_a-mlock.o)
 .debug_aranges
                0x000000d8       0x78 /usr/lib/gcc/arm-none-eabi/15.2.0/../../../../arm-none-eabi/lib/thumb/v6-m/nofp/libc_nano.a(libc_a-findfp.o)
 .debug_aranges
                0x00000150       0x20 /usr/lib/gcc/arm-none-eabi/15.2.0/../../../../arm-none-eabi/lib/thumb/v6-m/nofp/libc_nano.a(libc_a-memset.o)
 .debug_aranges
                0x00000170       0x20 /usr/lib/gcc/arm-none-eabi/15.2.0/../../../../arm-none-eabi/lib/thumb/v6-m/nofp/libc_nano.a(libc_a-reent.o)
 .debug_aranges
                0x00000190       0x18 /usr/lib/gcc/arm-none-eabi/15.2.0/../../../../arm-none-eabi/lib/thumb/v6-m/nofp/libc_nano.a(libc_a-impure.o)
 .debug_aranges
                0x000001a8       0x20 /usr/lib/gcc/arm-none-eabi/15.2.0/../../../../arm-none-eabi/lib/thumb/v6-m/nofp/libc_nano.a(libc_a-sbrkr.o)
 .debug_aranges
                0x000001c8       0x20 /usr/lib/gcc/arm-none-eabi/15.2.0/../../../../arm-none-eabi/lib/thumb/v6-m/nofp/libc_nano.a(libc_a-errno.o)
 .debug_aranges
                0x000001e8       0x20 /usr/lib/gcc/arm-none-eabi/15.2.0/../../../../arm-none-eabi/lib/thumb/v6-m/nofp/libc_nano.a(libc_a-init.o)
 .debug_aranges
                0x00000208       0x20 /usr/lib/gcc/arm-none-eabi/15.2.0/../../../../arm-none-eabi/lib/thumb/v6-m/nofp/libc_nano.a(libc_a-fini.o)
 .debug_aranges
                0x00000228       0x68 /usr/lib/gcc/arm-none-eabi/15.2.0/../../../../arm-none-eabi/lib/thumb/v6-m/nofp/libc_nano.a(libc_a-lock.o)
 .debug_aranges
                0x00000290       0x20 /usr/lib/gcc/arm-none-eabi/15.2.0/../../../../arm-none-eabi/lib/thumb/v6-m/nofp/libc_nano.a(libc_a-memcpy-stub.o)
 .debug_aranges
                0x000002b0       0x20 /usr/lib/gcc/arm-none-eabi/15.2.0/../../../../arm-none-eabi/lib/thumb/v6-m/nofp/libc_nano.a(libc_a-strlen.o)
 .debug_aranges
                0x000002d0       0x20 /usr/lib/gcc/arm-none-eabi/15.2.0/../../../../arm-none-eabi/lib/thumb/v6-m/nofp/libc_nano.a(libc_a-__atexit.o)
 .debug_aranges
                0x000002f0       0x20 /usr/lib/gcc/arm-none-eabi/15.2.0/../../../../arm-none-eabi/lib/thumb/v6-m/nofp/libc_nano.a(libc_a-__call_atexit.o)
 .debug_aranges
                0x00000310       0x20 /usr/lib/gcc/arm-none-eabi/15.2.0/thumb/v6-m/nofp/libgcc.a(_thumb1_case_uqi.o)
 .debug_aranges
                0x00000330       0x20 /usr/lib/gcc/arm-none-eabi/15.2.0/thumb/v6-m/nofp/libgcc.a(_udivsi3.o)
 .debug_aranges
                0x00000350       0x20 /usr/lib/gcc/arm-none-eabi/15.2.0/thumb/v6-m/nofp/libgcc.a(_dvmd_tls.o)
 .debug_aranges
                0x00000370       0x20 /usr/lib/gcc/arm-none-eabi/15.2.0/../../../../arm-none-eabi/lib/thumb/v6-m/nofp/libnosys.a(_exit.o)

.debug_str      0x00000000     0x1084
 .debug_str     0x00000000     0x1084 /usr/lib/gcc/arm-none-eabi/15.2.0/../../../../arm-none-eabi/lib/thumb/v6-m/nofp/crt0.o
                                 0xbc (size before relaxing)
 .debug_str     0x00001084        0x0 /usr/lib/gcc/arm-none-eabi/15.2.0/../../../../arm-none-eabi/lib/thumb/v6-m/nofp/libc_nano.a(libc_a-atexit.o)
                                0x215 (size before relaxing)
 .debug_str     0x00001084        0x0 /usr/lib/gcc/arm-none-eabi/15.2.0/../../../../arm-none-eabi/lib/thumb/v6-m/nofp/libc_nano.a(libc_a-exit.o)
                                0x1fe (size before relaxing)
 .debug_str     0x00001084        0x0 /usr/lib/gcc/arm-none-eabi/15.2.0/../../../../arm-none-eabi/lib/thumb/v6-m/nofp/libc_nano.a(libc_a-malloc.o)
                                0x51d (size before relaxing)
 .debug_str     0x00001084        0x0 /usr/lib/gcc/arm-none-eabi/15.2.0/../../../../arm-none-eabi/lib/thumb/v6-m/nofp/libc_nano.a(libc_a-mallocr.o)
                                0x5d9 (size before relaxing)
 .debug_str     0x00001084        0x0 /usr/lib/gcc/arm-none-eabi/15.2.0/../../../../arm-none-eabi/lib/thumb/v6-m/nofp/libc_nano.a(libc_a-mlock.o)
                                0x57a (size before relaxing)
 .debug_str     0x00001084        0x0 /usr/lib/gcc/arm-none-eabi/15.2.0/../../../../arm-none-eabi/lib/thumb/v6-m/nofp/libc_nano.a(libc_a-findfp.o)
                                0x77b (size before relaxing)
 .debug_str     0x00001084        0x0 /usr/lib/gcc/arm-none-eabi/15.2.0/../../../../arm-none-eabi/lib/thumb/v6-m/nofp/libc_nano.a(libc_a-memset.o)
                                0x1d8 (size before relaxing)
 .debug_str     0x00001084        0x0 /usr/lib/gcc/arm-none-eabi/15.2.0/../../../../arm-none-eabi/lib/thumb/v6-m/nofp/libc_nano.a(libc_a-reent.o)
                                0x517 (size before relaxing)
 .debug_str     0x00001084        0x0 /usr/lib/gcc/arm-none-eabi/15.2.0/../../../../arm-none-eabi/lib/thumb/v6-m/nofp/libc_nano.a(libc_a-impure.o)
                                0x4f8 (size before relaxing)
 .debug_str     0x00001084        0x0 /usr/lib/gcc/arm-none-eabi/15.2.0/../../../../arm-none-eabi/lib/thumb/v6-m/nofp/libc_nano.a(libc_a-sbrkr.o)
                                0x501 (size before relaxing)
 .debug_str     0x00001084        0x0 /usr/lib/gcc/arm-none-eabi/15.2.0/../../../../arm-none-eabi/lib/thumb/v6-m/nofp/libc_nano.a(libc_a-errno.o)
                                0x4f2 (size before relaxing)
 .debug_str     0x00001084        0x0 /usr/lib/gcc/arm-none-eabi/15.2.0/../../../../arm-none-eabi/lib/thumb/v6-m/nofp/libc_nano.a(libc_a-init.o)
                                0x239 (size before relaxing)
 .debug_str     0x00001084        0x0 /usr/lib/gcc/arm-none-eabi/15.2.0/../../../../arm-none-eabi/lib/thumb/v6-m/nofp/libc_nano.a(libc_a-fini.o)
                                0x20f (size before relaxing)
 .debug_str     0x00001084        0x0 /usr/lib/gcc/arm-none-eabi/15.2.0/../../../../arm-none-eabi/lib/thumb/v6-m/nofp/libc_nano.a(libc_a-lock.o)
                                0x36f (size before relaxing)
 .debug_str     0x00001084        0x0 /usr/lib/gcc/arm-none-eabi/15.2.0/../../../../arm-none-eabi/lib/thumb/v6-m/nofp/libc_nano.a(libc_a-memcpy-stub.o)
                                0x1f6 (size before relaxing)
 .debug_str     0x00001084        0x0 /usr/lib/gcc/arm-none-eabi/15.2.0/../../../../arm-none-eabi/lib/thumb/v6-m/nofp/libc_nano.a(libc_a-strlen.o)
                                 0xd6 (size before relaxing)
 .debug_str     0x00001084        0x0 /usr/lib/gcc/arm-none-eabi/15.2.0/../../../../arm-none-eabi/lib/thumb/v6-m/nofp/libc_nano.a(libc_a-__atexit.o)
                                0x334 (size before relaxing)
 .debug_str     0x00001084        0x0 /usr/lib/gcc/arm-none-eabi/15.2.0/../../../../arm-none-eabi/lib/thumb/v6-m/nofp/libc_nano.a(libc_a-__call_atexit.o)
                                0x2f4 (size before relaxing)
 .debug_str     0x00001084        0x0 /usr/lib/gcc/arm-none-eabi/15.2.0/thumb/v6-m/nofp/libgcc.a(_thumb1_case_uqi.o)
                                 0xe8 (size before relaxing)
 .debug_str     0x00001084        0x0 /usr/lib/gcc/arm-none-eabi/15.2.0/thumb/v6-m/nofp/libgcc.a(_udivsi3.o)
                                 0xed (size before relaxing)
 .debug_str     0x00001084        0x0 /usr/lib/gcc/arm-none-eabi/15.2.0/thumb/v6-m/nofp/libgcc.a(_dvmd_tls.o)
                                 0xee (size before relaxing)
 .debug_str     0x00001084        0x0 /usr/lib/gcc/arm-none-eabi/15.2.0/../../../../arm-none-eabi/lib/thumb/v6-m/nofp/libnosys.a(_exit.o)
                                0x1af (size before relaxing)

.debug_loclists
                0x00000000      0xa79
 .debug_loclists
                0x00000000       0x30 /usr/lib/gcc/arm-none-eabi/15.2.0/../../../../arm-none-eabi/lib/thumb/v6-m/nofp/libc_nano.a(libc_a-atexit.o)
 .debug_loclists
                0x00000030       0x20 /usr/lib/gcc/arm-none-eabi/15.2.0/../../../../arm-none-eabi/lib/thumb/v6-m/nofp/libc_nano.a(libc_a-exit.o)
 .debug_loclists
                0x00000050       0x54 /usr/lib/gcc/arm-none-eabi/15.2.0/../../../../arm-none-eabi/lib/thumb/v6-m/nofp/libc_nano.a(libc_a-malloc.o)
 .debug_loclists
                0x000000a4      0x271 /usr/lib/gcc/arm-none-eabi/15.2.0/../../../../arm-none-eabi/lib/thumb/v6-m/nofp/libc_nano.a(libc_a-mallocr.o)
 .debug_loclists
                0x00000315       0x46 /usr/lib/gcc/arm-none-eabi/15.2.0/../../../../arm-none-eabi/lib/thumb/v6-m/nofp/libc_nano.a(libc_a-mlock.o)
 .debug_loclists
                0x0000035b      0x2c8 /usr/lib/gcc/arm-none-eabi/15.2.0/../../../../arm-none-eabi/lib/thumb/v6-m/nofp/libc_nano.a(libc_a-findfp.o)
 .debug_loclists
                0x00000623       0x6a /usr/lib/gcc/arm-none-eabi/15.2.0/../../../../arm-none-eabi/lib/thumb/v6-m/nofp/libc_nano.a(libc_a-memset.o)
 .debug_loclists
                0x0000068d       0x78 /usr/lib/gcc/arm-none-eabi/15.2.0/../../../../arm-none-eabi/lib/thumb/v6-m/nofp/libc_nano.a(libc_a-reent.o)
 .debug_loclists
                0x00000705       0x58 /usr/lib/gcc/arm-none-eabi/15.2.0/../../../../arm-none-eabi/lib/thumb/v6-m/nofp/libc_nano.a(libc_a-sbrkr.o)
 .debug_loclists
                0x0000075d       0x5b /usr/lib/gcc/arm-none-eabi/15.2.0/../../../../arm-none-eabi/lib/thumb/v6-m/nofp/libc_nano.a(libc_a-init.o)
 .debug_loclists
                0x000007b8       0x34 /usr/lib/gcc/arm-none-eabi/15.2.0/../../../../arm-none-eabi/lib/thumb/v6-m/nofp/libc_nano.a(libc_a-fini.o)
 .debug_loclists
                0x000007ec       0x29 /usr/lib/gcc/arm-none-eabi/15.2.0/../../../../arm-none-eabi/lib/thumb/v6-m/nofp/libc_nano.a(libc_a-lock.o)
 .debug_loclists
                0x00000815       0xa3 /usr/lib/gcc/arm-none-eabi/15.2.0/../../../../arm-none-eabi/lib/thumb/v6-m/nofp/libc_nano.a(libc_a-memcpy-stub.o)
 .debug_loclists
                0x000008b8       0xc6 /usr/lib/gcc/arm-none-eabi/15.2.0/../../../../arm-none-eabi/lib/thumb/v6-m/nofp/libc_nano.a(libc_a-__atexit.o)
 .debug_loclists
                0x0000097e       0xe4 /usr/lib/gcc/arm-none-eabi/15.2.0/../../../../arm-none-eabi/lib/thumb/v6-m/nofp/libc_nano.a(libc_a-__call_atexit.o)
 .debug_loclists
                0x00000a62       0x17 /usr/lib/gcc/arm-none-eabi/15.2.0/../../../../arm-none-eabi/lib/thumb/v6-m/nofp/libnosys.a(_exit.o)

.debug_rnglists
                0x00000000      0x220
 .debug_rnglists
                0x00000000       0x13 /usr/lib/gcc/arm-none-eabi/15.2.0/../../../../arm-none-eabi/lib/thumb/v6-m/nofp/libc_nano.a(libc_a-atexit.o)
 .debug_rnglists
                0x00000013       0x13 /usr/lib/gcc/arm-none-eabi/15.2.0/../../../../arm-none-eabi/lib/thumb/v6-m/nofp/libc_nano.a(libc_a-exit.o)
 .debug_rnglists
                0x00000026       0x19 /usr/lib/gcc/arm-none-eabi/15.2.0/../../../../arm-none-eabi/lib/thumb/v6-m/nofp/libc_nano.a(libc_a-malloc.o)
 .debug_rnglists
                0x0000003f       0x2c /usr/lib/gcc/arm-none-eabi/15.2.0/../../../../arm-none-eabi/lib/thumb/v6-m/nofp/libc_nano.a(libc_a-mallocr.o)
 .debug_rnglists
                0x0000006b       0x19 /usr/lib/gcc/arm-none-eabi/15.2.0/../../../../arm-none-eabi/lib/thumb/v6-m/nofp/libc_nano.a(libc_a-mlock.o)
 .debug_rnglists
                0x00000084       0x6e /usr/lib/gcc/arm-none-eabi/15.2.0/../../../../arm-none-eabi/lib/thumb/v6-m/nofp/libc_nano.a(libc_a-findfp.o)
 .debug_rnglists
                0x000000f2       0x13 /usr/lib/gcc/arm-none-eabi/15.2.0/../../../../arm-none-eabi/lib/thumb/v6-m/nofp/libc_nano.a(libc_a-memset.o)
 .debug_rnglists
                0x00000105       0x2c /usr/lib/gcc/arm-none-eabi/15.2.0/../../../../arm-none-eabi/lib/thumb/v6-m/nofp/libc_nano.a(libc_a-reent.o)
 .debug_rnglists
                0x00000131       0x13 /usr/lib/gcc/arm-none-eabi/15.2.0/../../../../arm-none-eabi/lib/thumb/v6-m/nofp/libc_nano.a(libc_a-sbrkr.o)
 .debug_rnglists
                0x00000144       0x13 /usr/lib/gcc/arm-none-eabi/15.2.0/../../../../arm-none-eabi/lib/thumb/v6-m/nofp/libc_nano.a(libc_a-errno.o)
 .debug_rnglists
                0x00000157       0x13 /usr/lib/gcc/arm-none-eabi/15.2.0/../../../../arm-none-eabi/lib/thumb/v6-m/nofp/libc_nano.a(libc_a-init.o)
 .debug_rnglists
                0x0000016a       0x13 /usr/lib/gcc/arm-none-eabi/15.2.0/../../../../arm-none-eabi/lib/thumb/v6-m/nofp/libc_nano.a(libc_a-fini.o)
 .debug_rnglists
                0x0000017d       0x49 /usr/lib/gcc/arm-none-eabi/15.2.0/../../../../arm-none-eabi/lib/thumb/v6-m/nofp/libc_nano.a(libc_a-lock.o)
 .debug_rnglists
                0x000001c6       0x13 /usr/lib/gcc/arm-none-eabi/15.2.0/../../../../arm-none-eabi/lib/thumb/v6-m/nofp/libc_nano.a(libc_a-memcpy-stub.o)
 .debug_rnglists
                0x000001d9       0x14 /usr/lib/gcc/arm-none-eabi/15.2.0/../../../../arm-none-eabi/lib/thumb/v6-m/nofp/libc_nano.a(libc_a-__atexit.o)
 .debug_rnglists
                0x000001ed       0x20 /usr/lib/gcc/arm-none-eabi/15.2.0/../../../../arm-none-eabi/lib/thumb/v6-m/nofp/libc_nano.a(libc_a-__call_atexit.o)
 .debug_rnglists
                0x0000020d       0x13 /usr/lib/gcc/arm-none-eabi/15.2.0/../../../../arm-none-eabi/lib/thumb/v6-m/nofp/libnosys.a(_exit.o)

.debug_frame    0x00000000      0x4c0
 .debug_frame   0x00000000       0x28 /usr/lib/gcc/arm-none-eabi/15.2.0/../../../../arm-none-eabi/lib/thumb/v6-m/nofp/libc_nano.a(libc_a-atexit.o)
 .debug_frame   0x00000028       0x28 /usr/lib/gcc/arm-none-eabi/15.2.0/../../../../arm-none-eabi/lib/thumb/v6-m/nofp/libc_nano.a(libc_a-exit.o)
 .debug_frame   0x00000050       0x40 /usr/lib/gcc/arm-none-eabi/15.2.0/../../../../arm-none-eabi/lib/thumb/v6-m/nofp/libc_nano.a(libc_a-malloc.o)
 .debug_frame   0x00000090       0x50 /usr/lib/gcc/arm-none-eabi/15.2.0/../../../../arm-none-eabi/lib/thumb/v6-m/nofp/libc_nano.a(libc_a-mallocr.o)
 .debug_frame   0x000000e0       0x40 /usr/lib/gcc/arm-none-eabi/15.2.0/../../../../arm-none-eabi/lib/thumb/v6-m/nofp/libc_nano.a(libc_a-mlock.o)
 .debug_frame   0x00000120      0x138 /usr/lib/gcc/arm-none-eabi/15.2.0/../../../../arm-none-eabi/lib/thumb/v6-m/nofp/libc_nano.a(libc_a-findfp.o)
 .debug_frame   0x00000258       0x20 /usr/lib/gcc/arm-none-eabi/15.2.0/../../../../arm-none-eabi/lib/thumb/v6-m/nofp/libc_nano.a(libc_a-memset.o)
 .debug_frame   0x00000278       0x2c /usr/lib/gcc/arm-none-eabi/15.2.0/../../../../arm-none-eabi/lib/thumb/v6-m/nofp/libc_nano.a(libc_a-reent.o)
 .debug_frame   0x000002a4       0x2c /usr/lib/gcc/arm-none-eabi/15.2.0/../../../../arm-none-eabi/lib/thumb/v6-m/nofp/libc_nano.a(libc_a-sbrkr.o)
 .debug_frame   0x000002d0       0x20 /usr/lib/gcc/arm-none-eabi/15.2.0/../../../../arm-none-eabi/lib/thumb/v6-m/nofp/libc_nano.a(libc_a-errno.o)
 .debug_frame   0x000002f0       0x2c /usr/lib/gcc/arm-none-eabi/15.2.0/../../../../arm-none-eabi/lib/thumb/v6-m/nofp/libc_nano.a(libc_a-init.o)
 .debug_frame   0x0000031c       0x2c /usr/lib/gcc/arm-none-eabi/15.2.0/../../../../arm-none-eabi/lib/thumb/v6-m/nofp/libc_nano.a(libc_a-fini.o)
 .debug_frame   0x00000348       0xb0 /usr/lib/gcc/arm-none-eabi/15.2.0/../../../../arm-none-eabi/lib/thumb/v6-m/nofp/libc_nano.a(libc_a-lock.o)
 .debug_frame   0x000003f8       0x28 /usr/lib/gcc/arm-none-eabi/15.2.0/../../../../arm-none-eabi/lib/thumb/v6-m/nofp/libc_nano.a(libc_a-memcpy-stub.o)
 .debug_frame   0x00000420       0x30 /usr/lib/gcc/arm-none-eabi/15.2.0/../../../../arm-none-eabi/lib/thumb/v6-m/nofp/libc_nano.a(libc_a-__atexit.o)
 .debug_frame   0x00000450       0x30 /usr/lib/gcc/arm-none-eabi/15.2.0/../../../../arm-none-eabi/lib/thumb/v6-m/nofp/libc_nano.a(libc_a-__call_atexit.o)
 .debug_frame   0x00000480       0x20 /usr/lib/gcc/arm-none-eabi/15.2.0/thumb/v6-m/nofp/libgcc.a(_udivsi3.o)
 .debug_frame   0x000004a0       0x20 /usr/lib/gcc/arm-none-eabi/15.2.0/../../../../arm-none-eabi/lib/thumb/v6-m/nofp/libnosys.a(_exit.o)
